Component: Arm Compiler for Embedded 6.19 Tool: armlink [5e73cb00]

==============================================================================

Section Cross References

    startup_stm32f427xx.o(RESET) refers to startup_stm32f427xx.o(STACK) for __initial_sp
    startup_stm32f427xx.o(RESET) refers to startup_stm32f427xx.o(.text) for Reset_Handler
    startup_stm32f427xx.o(RESET) refers to stm32f4xx_it.o(.text.NMI_Handler) for NMI_Handler
    startup_stm32f427xx.o(RESET) refers to stm32f4xx_it.o(.text.HardFault_Handler) for HardFault_Handler
    startup_stm32f427xx.o(RESET) refers to stm32f4xx_it.o(.text.MemManage_Handler) for MemManage_Handler
    startup_stm32f427xx.o(RESET) refers to stm32f4xx_it.o(.text.BusFault_Handler) for BusFault_Handler
    startup_stm32f427xx.o(RESET) refers to stm32f4xx_it.o(.text.UsageFault_Handler) for UsageFault_Handler
    startup_stm32f427xx.o(RESET) refers to stm32f4xx_it.o(.text.SVC_Handler) for SVC_Handler
    startup_stm32f427xx.o(RESET) refers to stm32f4xx_it.o(.text.DebugMon_Handler) for DebugMon_Handler
    startup_stm32f427xx.o(RESET) refers to stm32f4xx_it.o(.text.PendSV_Handler) for PendSV_Handler
    startup_stm32f427xx.o(RESET) refers to stm32f4xx_it.o(.text.SysTick_Handler) for SysTick_Handler
    startup_stm32f427xx.o(RESET) refers to stm32f4xx_it.o(.text.DMA1_Stream1_IRQHandler) for DMA1_Stream1_IRQHandler
    startup_stm32f427xx.o(RESET) refers to stm32f4xx_it.o(.text.ADC_IRQHandler) for ADC_IRQHandler
    startup_stm32f427xx.o(RESET) refers to stm32f4xx_it.o(.text.USART1_IRQHandler) for USART1_IRQHandler
    startup_stm32f427xx.o(RESET) refers to stm32f4xx_it.o(.text.USART3_IRQHandler) for USART3_IRQHandler
    startup_stm32f427xx.o(RESET) refers to stm32f4xx_it.o(.text.EXTI15_10_IRQHandler) for EXTI15_10_IRQHandler
    startup_stm32f427xx.o(RESET) refers to stm32f4xx_it.o(.text.TIM8_UP_TIM13_IRQHandler) for TIM8_UP_TIM13_IRQHandler
    startup_stm32f427xx.o(RESET) refers to stm32f4xx_it.o(.text.TIM8_TRG_COM_TIM14_IRQHandler) for TIM8_TRG_COM_TIM14_IRQHandler
    startup_stm32f427xx.o(RESET) refers to stm32f4xx_it.o(.text.DMA2_Stream0_IRQHandler) for DMA2_Stream0_IRQHandler
    startup_stm32f427xx.o(RESET) refers to stm32f4xx_it.o(.text.DMA2_Stream2_IRQHandler) for DMA2_Stream2_IRQHandler
    startup_stm32f427xx.o(.text) refers to system_stm32f4xx.o(.text.SystemInit) for SystemInit
    startup_stm32f427xx.o(.text) refers to entry.o(.ARM.Collect$$$$00000000) for __main
    main.o(.text.main) refers to stm32f4xx_hal.o(.text.HAL_Init) for HAL_Init
    main.o(.text.main) refers to main.o(.text.SystemClock_Config) for SystemClock_Config
    main.o(.text.main) refers to gpio.o(.text.MX_GPIO_Init) for MX_GPIO_Init
    main.o(.text.main) refers to dma.o(.text.MX_DMA_Init) for MX_DMA_Init
    main.o(.text.main) refers to usart.o(.text.MX_USART1_UART_Init) for MX_USART1_UART_Init
    main.o(.text.main) refers to adc.o(.text.MX_ADC1_Init) for MX_ADC1_Init
    main.o(.text.main) refers to tim.o(.text.MX_TIM3_Init) for MX_TIM3_Init
    main.o(.text.main) refers to tim.o(.text.MX_TIM8_Init) for MX_TIM8_Init
    main.o(.text.main) refers to adc.o(.text.MX_ADC2_Init) for MX_ADC2_Init
    main.o(.text.main) refers to adc.o(.text.MX_ADC3_Init) for MX_ADC3_Init
    main.o(.text.main) refers to usart.o(.text.MX_USART3_UART_Init) for MX_USART3_UART_Init
    main.o(.text.main) refers to puts.o(i.puts) for puts
    main.o(.text.main) refers to usart.o(.bss.huart1) for huart1
    main.o(.text.main) refers to bsp_usart.o(.bss.rx1_buf) for rx1_buf
    main.o(.text.main) refers to stm32f4xx_hal_uart.o(.text.HAL_UART_Receive_IT) for HAL_UART_Receive_IT
    main.o(.text.main) refers to camera.o(.text.UART3_Init) for UART3_Init
    main.o(.text.main) refers to tim.o(.bss.htim3) for htim3
    main.o(.text.main) refers to stm32f4xx_hal_tim.o(.text.HAL_TIM_PWM_Start) for HAL_TIM_PWM_Start
    main.o(.text.main) refers to tim.o(.bss.htim8) for htim8
    main.o(.text.main) refers to stm32f4xx_hal_tim.o(.text.HAL_TIM_Base_Start_IT) for HAL_TIM_Base_Start_IT
    main.o(.text.main) refers to adc.o(.bss.hadc1) for hadc1
    main.o(.text.main) refers to sensor.o(.bss..L_MergedGlobals) for adc_value_adc1
    main.o(.text.main) refers to stm32f4xx_hal_adc.o(.text.HAL_ADC_Start_DMA) for HAL_ADC_Start_DMA
    main.o(.text.main) refers to adc.o(.bss.hadc2) for hadc2
    main.o(.text.main) refers to motor.o(.text.run) for run
    main.o(.text.main) refers to stm32f4xx_hal.o(.text.HAL_Delay) for HAL_Delay
    main.o(.text.main) refers to main.o(.rodata.str1.1) for .L.str.1
    main.o(.text.main) refers to system.o(.text.system_update) for system_update
    main.o(.text.main) refers to sensor.o(.text.get_distance) for get_distance
    main.o(.text.main) refers to f2d.o(.text) for __aeabi_f2d
    main.o(.text.main) refers to printfa.o(i.__0printf) for __2printf
    main.o(.ARM.exidx.text.main) refers to main.o(.text.main) for [Anonymous Symbol]
[...]
    [Anonymous Symbol]                       0x08002370   Section        0  stm32f4xx_hal_gpio.o(.text.HAL_GPIO_Init)
    [Anonymous Symbol]                       0x08002670   Section        0  stm32f4xx_hal_gpio.o(.text.HAL_GPIO_ReadPin)
    [Anonymous Symbol]                       0x08002694   Section        0  stm32f4xx_hal.o(.text.HAL_GetTick)
    [Anonymous Symbol]                       0x080026a0   Section        0  stm32f4xx_hal.o(.text.HAL_IncTick)
    [Anonymous Symbol]                       0x080026bc   Section        0  stm32f4xx_hal.o(.text.HAL_Init)
    [Anonymous Symbol]                       0x080026f4   Section        0  stm32f4xx_hal.o(.text.HAL_InitTick)
    [Anonymous Symbol]                       0x0800273c   Section        0  stm32f4xx_hal_msp.o(.text.HAL_MspInit)
    [Anonymous Symbol]                       0x08002774   Section        0  stm32f4xx_hal_cortex.o(.text.HAL_NVIC_EnableIRQ)
    [Anonymous Symbol]                       0x080027ac   Section        0  stm32f4xx_hal_cortex.o(.text.HAL_NVIC_SetPriority)
    [Anonymous Symbol]                       0x0800282c   Section        0  stm32f4xx_hal_cortex.o(.text.HAL_NVIC_SetPriorityGrouping)
    [Anonymous Symbol]                       0x08002864   Section        0  stm32f4xx_hal_pwr_ex.o(.text.HAL_PWREx_EnableOverDrive)
    [Anonymous Symbol]                       0x080028e0   Section        0  stm32f4xx_hal_rcc.o(.text.HAL_RCC_ClockConfig)
    [Anonymous Symbol]                       0x08002b04   Section        0  stm32f4xx_hal_rcc.o(.text.HAL_RCC_GetPCLK1Freq)
    [Anonymous Symbol]                       0x08002b2c   Section        0  stm32f4xx_hal_rcc.o(.text.HAL_RCC_GetPCLK2Freq)
    [Anonymous Symbol]                       0x08002b54   Section        0  stm32f4xx_hal_rcc.o(.text.HAL_RCC_GetSysClockFreq)
    [Anonymous Symbol]                       0x08002bc0   Section        0  stm32f4xx_hal_rcc.o(.text.HAL_RCC_MCOConfig)
    [Anonymous Symbol]                       0x08002ccc   Section        0  stm32f4xx_hal_rcc.o(.text.HAL_RCC_OscConfig)
    [Anonymous Symbol]                       0x080031e4   Section        0  stm32f4xx_hal_cortex.o(.text.HAL_SYSTICK_Config)
    [Anonymous Symbol]                       0x08003210   Section        0  stm32f4xx_hal_tim_ex.o(.text.HAL_TIMEx_BreakCallback)
    [Anonymous Symbol]                       0x08003214   Section        0  stm32f4xx_hal_tim_ex.o(.text.HAL_TIMEx_CommutCallback)
    [Anonymous Symbol]                       0x08003218   Section        0  stm32f4xx_hal_tim_ex.o(.text.HAL_TIMEx_MasterConfigSynchronization)
    [Anonymous Symbol]                       0x080033a8   Section        0  stm32f4xx_hal_tim.o(.text.HAL_TIM_Base_Init)
    [Anonymous Symbol]                       0x0800359c   Section        0  tim.o(.text.HAL_TIM_Base_MspInit)
    [Anonymous Symbol]                       0x080035f8   Section        0  stm32f4xx_hal_tim.o(.text.HAL_TIM_Base_Start_IT)
    [Anonymous Symbol]                       0x0800378c   Section        0  stm32f4xx_hal_tim.o(.text.HAL_TIM_ConfigClockSource)
    [Anonymous Symbol]                       0x08003f24   Section        0  stm32f4xx_hal_tim.o(.text.HAL_TIM_IC_CaptureCallback)
    [Anonymous Symbol]                       0x08003f28   Section        0  stm32f4xx_hal_tim.o(.text.HAL_TIM_IRQHandler)
    [Anonymous Symbol]                       0x08004078   Section        0  stm32f4xx_hal_tim.o(.text.HAL_TIM_OC_DelayElapsedCallback)
    [Anonymous Symbol]                       0x0800407c   Section        0  stm32f4xx_hal_tim.o(.text.HAL_TIM_PWM_ConfigChannel)
    [Anonymous Symbol]                       0x08004444   Section        0  stm32f4xx_hal_tim.o(.text.HAL_TIM_PWM_Init)
    [Anonymous Symbol]                       0x08004638   Section        0  tim.o(.text.HAL_TIM_PWM_MspInit)
    [Anonymous Symbol]                       0x08004670   Section        0  stm32f4xx_hal_tim.o(.text.HAL_TIM_PWM_PulseFinishedCallback)
    [Anonymous Symbol]                       0x08004674   Section        0  stm32f4xx_hal_tim.o(.text.HAL_TIM_PWM_Start)
    [Anonymous Symbol]                       0x08004854   Section        0  main.o(.text.HAL_TIM_PeriodElapsedCallback)
    [Anonymous Symbol]                       0x08004874   Section        0  stm32f4xx_hal_tim.o(.text.HAL_TIM_TriggerCallback)
    [Anonymous Symbol]                       0x08004878   Section        0  stm32f4xx_hal_uart.o(.text.HAL_UARTEx_RxEventCallback)
    [Anonymous Symbol]                       0x0800487c   Section        0  stm32f4xx_hal_uart.o(.text.HAL_UART_ErrorCallback)
    [Anonymous Symbol]                       0x08004880   Section        0  stm32f4xx_hal_uart.o(.text.HAL_UART_IRQHandler)
    [Anonymous Symbol]                       0x08004e04   Section        0  stm32f4xx_hal_uart.o(.text.HAL_UART_Init)
    [Anonymous Symbol]                       0x08004fac   Section        0  usart.o(.text.HAL_UART_MspInit)
    [Anonymous Symbol]                       0x080050dc   Section        0  stm32f4xx_hal_uart.o(.text.HAL_UART_Receive_DMA)
    [Anonymous Symbol]                       0x08005258   Section        0  stm32f4xx_hal_uart.o(.text.HAL_UART_Receive_IT)
    [Anonymous Symbol]                       0x080052ac   Section        0  bsp_usart.o(.text.HAL_UART_RxCpltCallback)
    [Anonymous Symbol]                       0x080052e8   Section        0  stm32f4xx_hal_uart.o(.text.HAL_UART_RxHalfCpltCallback)
    [Anonymous Symbol]                       0x080052ec   Section        0  stm32f4xx_hal_uart.o(.text.HAL_UART_Transmit)
    [Anonymous Symbol]                       0x08005464   Section        0  stm32f4xx_hal_uart.o(.text.HAL_UART_TxCpltCallback)
    [Anonymous Symbol]                       0x08005468   Section        0  stm32f4xx_it.o(.text.HardFault_Handler)
    [Anonymous Symbol]                       0x0800546c   Section        0  adc.o(.text.MX_ADC1_Init)
    [Anonymous Symbol]                       0x08005534   Section        0  adc.o(.text.MX_ADC2_Init)
    [Anonymous Symbol]                       0x08005644   Section        0  adc.o(.text.MX_ADC3_Init)
    [Anonymous Symbol]                       0x080056b0   Section        0  dma.o(.text.MX_DMA_Init)
    [Anonymous Symbol]                       0x0800571c   Section        0  gpio.o(.text.MX_GPIO_Init)
    [Anonymous Symbol]                       0x080058a0   Section        0  tim.o(.text.MX_TIM3_Init)
    [Anonymous Symbol]                       0x0800597c   Section        0  tim.o(.text.MX_TIM8_Init)
    [Anonymous Symbol]                       0x080059f4   Section        0  usart.o(.text.MX_USART1_UART_Init)
    [Anonymous Symbol]                       0x08005a30   Section        0  usart.o(.text.MX_USART3_UART_Init)
    [Anonymous Symbol]                       0x08005a6c   Section        0  stm32f4xx_it.o(.text.MemManage_Handler)
    [Anonymous Symbol]                       0x08005a70   Section        0  stm32f4xx_it.o(.text.NMI_Handler)
    [Anonymous Symbol]                       0x08005a74   Section        0  pid.o(.text.PID_Camera_Compute)
    [Anonymous Symbol]                       0x08005b18   Section        0  pid.o(.text.PID_Camera_Reset)
    [Anonymous Symbol]                       0x08005b30   Section        0  pid.o(.text.PID_Target_Compute)
    [Anonymous Symbol]                       0x08005bd4   Section        0  pid.o(.text.PID_Target_Reset)
    [Anonymous Symbol]                       0x08005bec   Section        0  stm32f4xx_it.o(.text.PendSV_Handler)
    [Anonymous Symbol]                       0x08005bf0   Section        0  stm32f4xx_it.o(.text.SVC_Handler)
    [Anonymous Symbol]                       0x08005bf4   Section        0  stm32f4xx_it.o(.text.SysTick_Handler)
    [Anonymous Symbol]                       0x08005bf8   Section        0  main.o(.text.SystemClock_Config)
    [Anonymous Symbol]                       0x08005cc4   Section        0  system_stm32f4xx.o(.text.SystemInit)
    [Anonymous Symbol]                       0x08005cd8   Section        0  stm32f4xx_it.o(.text.TIM8_TRG_COM_TIM14_IRQHandler)
    [Anonymous Symbol]                       0x08005ce4   Section        0  stm32f4xx_it.o(.text.TIM8_UP_TIM13_IRQHandler)
    [Anonymous Symbol]                       0x08005cf0   Section        0  stm32f4xx_hal_tim.o(.text.TIM_Base_SetConfig)
    [Anonymous Symbol]                       0x08005e34   Section        0  stm32f4xx_hal_tim.o(.text.TIM_CCxChannelCmd)
    TIM_OC1_SetConfig                        0x08005f39   Thumb Code   212  stm32f4xx_hal_tim.o(.text.TIM_OC1_SetConfig)
    [Anonymous Symbol]                       0x08005f38   Section        0  stm32f4xx_hal_tim.o(.text.TIM_OC1_SetConfig)
    [Anonymous Symbol]                       0x0800600c   Section        0  stm32f4xx_hal_tim.o(.text.TIM_OC2_SetConfig)
    TIM_OC3_SetConfig                        0x080060e5   Thumb Code   216  stm32f4xx_hal_tim.o(.text.TIM_OC3_SetConfig)
    [Anonymous Symbol]                       0x080060e4   Section        0  stm32f4xx_hal_tim.o(.text.TIM_OC3_SetConfig)
    [Anonymous Symbol]                       0x080061bc   Section        0  camera.o(.text.UART3_Init)
    [Anonymous Symbol]                       0x080061e4   Section        0  camera.o(.text.UART3_RX_Callback)
    UART_DMAAbortOnError                     0x08006401   Thumb Code    10  stm32f4xx_hal_uart.o(.text.UART_DMAAbortOnError)
    [Anonymous Symbol]                       0x08006400   Section        0  stm32f4xx_hal_uart.o(.text.UART_DMAAbortOnError)
    UART_DMAError                            0x0800640d   Thumb Code   380  stm32f4xx_hal_uart.o(.text.UART_DMAError)
    [Anonymous Symbol]                       0x0800640c   Section        0  stm32f4xx_hal_uart.o(.text.UART_DMAError)
    UART_DMAReceiveCplt                      0x08006589   Thumb Code   350  stm32f4xx_hal_uart.o(.text.UART_DMAReceiveCplt)
    [Anonymous Symbol]                       0x08006588   Section        0  stm32f4xx_hal_uart.o(.text.UART_DMAReceiveCplt)
    UART_DMARxHalfCplt                       0x080066e9   Thumb Code    24  stm32f4xx_hal_uart.o(.text.UART_DMARxHalfCplt)
    [Anonymous Symbol]                       0x080066e8   Section        0  stm32f4xx_hal_uart.o(.text.UART_DMARxHalfCplt)
    UART_Receive_IT                          0x08006701   Thumb Code   254  stm32f4xx_hal_uart.o(.text.UART_Receive_IT)
    [Anonymous Symbol]                       0x08006700   Section        0  stm32f4xx_hal_uart.o(.text.UART_Receive_IT)
    UART_SetConfig                           0x08006801   Thumb Code   350  stm32f4xx_hal_uart.o(.text.UART_SetConfig)
    [Anonymous Symbol]                       0x08006800   Section        0  stm32f4xx_hal_uart.o(.text.UART_SetConfig)
    [Anonymous Symbol]                       0x08006960   Section        0  stm32f4xx_it.o(.text.USART1_IRQHandler)
    [Anonymous Symbol]                       0x0800696c   Section        0  stm32f4xx_it.o(.text.USART3_IRQHandler)
    [Anonymous Symbol]                       0x08006984   Section        0  stm32f4xx_it.o(.text.UsageFault_Handler)
    [Anonymous Symbol]                       0x08006988   Section        0  main.o(.text.assert_failed)
    detect_target                            0x0800698d   Thumb Code   664  system.o(.text.detect_target)
    [Anonymous Symbol]                       0x0800698c   Section        0  system.o(.text.detect_target)
    [Anonymous Symbol]                       0x08006c24   Section        0  edge.o(.text.edge_is_busy)
    [Anonymous Symbol]                       0x08006c38   Section        0  edge.o(.text.edge_update)
    [Anonymous Symbol]                       0x08006d18   Section        0  edge.o(.text.edge_update_no_run)
    [Anonymous Symbol]                       0x08006de8   Section        0  bsp_usart.o(.text.fputc)
    [Anonymous Symbol]                       0x08006e08   Section        0  sensor.o(.text.get_distance)
    [Anonymous Symbol]                       0x08006f14   Section        0  main.o(.text.main)
    [Anonymous Symbol]                       0x08007084   Section        0  motor.o(.text.run)
    [Anonymous Symbol]                       0x0800711c   Section        0  motor.o(.text.run_diff)
    [Anonymous Symbol]                       0x0800716c   Section        0  system.o(.text.system_update)
    __arm_cp.0_12                            0x08007560   Number         4  system.o(.text.system_update)
    __arm_cp.0_13                            0x08007564   Number         4  system.o(.text.system_update)
    i.__0printf                              0x08007958   Section        0  printfa.o(i.__0printf)
    i.__aeabi_errno_addr                     0x08007978   Section        0  errno.o(i.__aeabi_errno_addr)
    i.__scatterload_copy                     0x08007980   Section       14  handlers.o(i.__scatterload_copy)
    i.__scatterload_null                     0x0800798e   Section        2  handlers.o(i.__scatterload_null)
    i.__scatterload_zeroinit                 0x08007990   Section       14  handlers.o(i.__scatterload_zeroinit)
    _fp_digits                               0x080079a1   Thumb Code   366  printfa.o(i._fp_digits)
    i._fp_digits                             0x080079a0   Section        0  printfa.o(i._fp_digits)
    _printf_core                             0x08007b25   Thumb Code  1744  printfa.o(i._printf_core)
    i._printf_core                           0x08007b24   Section        0  printfa.o(i._printf_core)
    _printf_post_padding                     0x08008201   Thumb Code    36  printfa.o(i._printf_post_padding)
    i._printf_post_padding                   0x08008200   Section        0  printfa.o(i._printf_post_padding)
    _printf_pre_padding                      0x08008225   Thumb Code    46  printfa.o(i._printf_pre_padding)
    i._printf_pre_padding                    0x08008224   Section        0  printfa.o(i._printf_pre_padding)
    i.puts                                   0x08008254   Section        0  puts.o(i.puts)
    .constdata                               0x08008278   Section      129  ctype_o.o(.constdata)
    table                                    0x080082fc   Data           4  ctype_o.o(.constdata)
    .constdata                               0x080082fc   Section        4  ctype_o.o(.constdata)
    DMA_CalcBaseAndBitshift.flagBitshiftOffset 0x08008318   Data           8  stm32f4xx_hal_dma.o(.rodata.cst8)
    [Anonymous Symbol]                       0x08008318   Section        0  stm32f4xx_hal_dma.o(.rodata.cst8)
    .L.str.1                                 0x08008320   Data          96  main.o(.rodata.str1.1)
    [Anonymous Symbol]                       0x08008320   Section        0  main.o(.rodata.str1.1)
    .L.str                                   0x08008380   Data          56  stm32f4xx_hal_adc.o(.rodata.str1.1)
    [Anonymous Symbol]                       0x08008380   Section        0  stm32f4xx_hal_adc.o(.rodata.str1.1)
    .L.str                                   0x080083b8   Data          59  stm32f4xx_hal_adc_ex.o(.rodata.str1.1)
    [Anonymous Symbol]                       0x080083b8   Section        0  stm32f4xx_hal_adc_ex.o(.rodata.str1.1)
    .L.str                                   0x080083f3   Data          56  stm32f4xx_hal_rcc.o(.rodata.str1.1)
    [Anonymous Symbol]                       0x080083f3   Section        0  stm32f4xx_hal_rcc.o(.rodata.str1.1)
    .L.str                                   0x0800842b   Data          57  stm32f4xx_hal_gpio.o(.rodata.str1.1)
    [Anonymous Symbol]                       0x0800842b   Section        0  stm32f4xx_hal_gpio.o(.rodata.str1.1)
    .L.str                                   0x08008464   Data          56  stm32f4xx_hal_dma.o(.rodata.str1.1)
    [Anonymous Symbol]                       0x08008464   Section        0  stm32f4xx_hal_dma.o(.rodata.str1.1)
    .L.str                                   0x0800849c   Data          59  stm32f4xx_hal_cortex.o(.rodata.str1.1)
    [Anonymous Symbol]                       0x0800849c   Section        0  stm32f4xx_hal_cortex.o(.rodata.str1.1)
    .L.str                                   0x080084d7   Data          56  stm32f4xx_hal_tim.o(.rodata.str1.1)
    [Anonymous Symbol]                       0x080084d7   Section        0  stm32f4xx_hal_tim.o(.rodata.str1.1)
    .L.str                                   0x0800850f   Data          59  stm32f4xx_hal_tim_ex.o(.rodata.str1.1)
    [Anonymous Symbol]                       0x0800850f   Section        0  stm32f4xx_hal_tim_ex.o(.rodata.str1.1)
    .L.str                                   0x0800854a   Data          57  stm32f4xx_hal_uart.o(.rodata.str1.1)
    [Anonymous Symbol]                       0x0800854a   Section        0  stm32f4xx_hal_uart.o(.rodata.str1.1)
    .L.str.5                                 0x08008583   Data          48  system.o(.rodata.str1.1)
    [Anonymous Symbol]                       0x08008583   Section        0  system.o(.rodata.str1.1)
    .L.str.3                                 0x080085b3   Data          28  system.o(.rodata.str1.1)
    .L.str.3                                 0x080085cf   Data           2  camera.o(.rodata.str1.1)
    [Anonymous Symbol]                       0x080085cf   Section        0  camera.o(.rodata.str1.1)
    state                                    0x20000000   Data           4  strtok.o(.data)
    .data                                    0x20000000   Section        4  strtok.o(.data)
    .data                                    0x20000004   Section        4  stdout.o(.data)
    _errno                                   0x20000008   Data           4  errno.o(.data)
    .data                                    0x20000008   Section        4  errno.o(.data)
    .L_MergedGlobals                         0x2000000c   Data           8  stm32f4xx_hal.o(.data..L_MergedGlobals)
    [Anonymous Symbol]                       0x2000000c   Section        0  stm32f4xx_hal.o(.data..L_MergedGlobals)
    .L_MergedGlobals                         0x20000014   Data          80  pid.o(.data..L_MergedGlobals)
    camera_pid                               0x20000014   Data          40  pid.o(.data..L_MergedGlobals)
    [Anonymous Symbol]                       0x20000014   Section        0  pid.o(.data..L_MergedGlobals)
    target_pid                               0x2000003c   Data          40  pid.o(.data..L_MergedGlobals)
    state                                    0x20000068   Data           1  system.o(.data.state)
    [Anonymous Symbol]                       0x20000068   Section        0  system.o(.data.state)
    .L_MergedGlobals                         0x20000070   Data          20  sensor.o(.bss..L_MergedGlobals)
    [Anonymous Symbol]                       0x20000070   Section        0  sensor.o(.bss..L_MergedGlobals)
    .L_MergedGlobals                         0x20000084   Data          44  system.o(.bss..L_MergedGlobals)
    system_update.init_done                  0x20000084   Data           1  system.o(.bss..L_MergedGlobals)
    [Anonymous Symbol]                       0x20000084   Section        0  system.o(.bss..L_MergedGlobals)
    system_update.init_selected              0x20000085   Data           1  system.o(.bss..L_MergedGlobals)
    sensor.0                                 0x20000088   Data           1  system.o(.bss..L_MergedGlobals)
    sensor.1                                 0x2000008c   Data           1  system.o(.bss..L_MergedGlobals)
    sensor.4                                 0x20000090   Data           1  system.o(.bss..L_MergedGlobals)
    recover_done                             0x20000091   Data           1  system.o(.bss..L_MergedGlobals)
    climb_phase                              0x20000092   Data           1  system.o(.bss..L_MergedGlobals)
    detect_on_stage.cnt                      0x20000093   Data           1  system.o(.bss..L_MergedGlobals)
    qr_push_mode                             0x20000094   Data           1  system.o(.bss..L_MergedGlobals)
    system_update.init_time                  0x20000098   Data           4  system.o(.bss..L_MergedGlobals)
    selected_qr_id                           0x2000009c   Data           4  system.o(.bss..L_MergedGlobals)
    recover_done_time                        0x200000a0   Data           4  system.o(.bss..L_MergedGlobals)
    climb_time                               0x200000a4   Data           4  system.o(.bss..L_MergedGlobals)
    target_error                             0x200000a8   Data           4  system.o(.bss..L_MergedGlobals)
    attack_target.last_seen_time             0x200000ac   Data           4  system.o(.bss..L_MergedGlobals)
    .L_MergedGlobals                         0x200000b0   Data          20  edge.o(.bss..L_MergedGlobals)
    right_trigger                            0x200000b0   Data           1  edge.o(.bss..L_MergedGlobals)
    [Anonymous Symbol]                       0x200000b0   Section        0  edge.o(.bss..L_MergedGlobals)
    left_trigger                             0x200000b1   Data           1  edge.o(.bss..L_MergedGlobals)
    trigger_updated                          0x200000b2   Data           1  edge.o(.bss..L_MergedGlobals)
    car_state                                0x200000b3   Data           1  edge.o(.bss..L_MergedGlobals)
    turn_dir                                 0x200000b4   Data           1  edge.o(.bss..L_MergedGlobals)
    last_tick_right                          0x200000b8   Data           4  edge.o(.bss..L_MergedGlobals)
    last_tick_left                           0x200000bc   Data           4  edge.o(.bss..L_MergedGlobals)
    state_time                               0x200000c0   Data           4  edge.o(.bss..L_MergedGlobals)
    .L_MergedGlobals                         0x200000c4   Data          24  camera.o(.bss..L_MergedGlobals)
    camera_frame_len                         0x200000c4   Data           2  camera.o(.bss..L_MergedGlobals)
    [Anonymous Symbol]                       0x200000c4   Section        0  camera.o(.bss..L_MergedGlobals)
    camera_frame_buf                         0x2000017c   Data         256  camera.o(.bss.camera_frame_buf)
    [Anonymous Symbol]                       0x2000017c   Section        0  camera.o(.bss.camera_frame_buf)
    STACK                                    0x200006c0   Section     2048  startup_stm32f427xx.o(STACK)

    Global Symbols

    Symbol Name                              Value     Ov Type        Size  Object(Section)

    BuildAttributes$$THM_ISAv4$E$P$D$K$B$S$7EM$VFPi3$EXTD16$VFPS$VFMA$PE$A:L22UL41UL21$X:L11$S22US41US21$IEEE1$IW$~IW$USESV6$~STKCKD$USESV7$~SHL$OTIME$ROPI$EBA8$MICROLIB$REQ8$PRES8$EABIv2 0x00000000   Number         0  anon$$obj.o ABSOLUTE
    _printf_a                                0x00000000   Number         0  printfstubs.o ABSOLUTE
    _printf_c                                0x00000000   Number         0  printfstubs.o ABSOLUTE
    _printf_charcount                        0x00000000   Number         0  printfstubs.o ABSOLUTE
    _printf_d                                0x00000000   Number         0  printfstubs.o ABSOLUTE
    _printf_e                                0x00000000   Number         0  printfstubs.o ABSOLUTE
    _printf_f                                0x00000000   Number         0  printfstubs.o ABSOLUTE
    _printf_flags                            0x00000000   Number         0  printfstubs.o ABSOLUTE
    _printf_fp_dec                           0x00000000   Number         0  printfstubs.o ABSOLUTE
    _printf_fp_hex                           0x00000000   Number         0  printfstubs.o ABSOLUTE
    _printf_g                                0x00000000   Number         0  printfstubs.o ABSOLUTE
    _printf_i                                0x00000000   Number         0  printfstubs.o ABSOLUTE
    _printf_int_dec                          0x00000000   Number         0  printfstubs.o ABSOLUTE
    _printf_l                                0x00000000   Number         0  printfstubs.o ABSOLUTE
    _printf_lc                               0x00000000   Number         0  printfstubs.o ABSOLUTE
    _printf_ll                               0x00000000   Number         0  printfstubs.o ABSOLUTE
    _printf_lld                              0x00000000   Number         0  printfstubs.o ABSOLUTE
    _printf_lli                              0x00000000   Number         0  printfstubs.o ABSOLUTE
    _printf_llo                              0x00000000   Number         0  printfstubs.o ABSOLUTE
    _printf_llu                              0x00000000   Number         0  printfstubs.o ABSOLUTE
    _printf_llx                              0x00000000   Number         0  printfstubs.o ABSOLUTE
    _printf_longlong_dec                     0x00000000   Number         0  printfstubs.o ABSOLUTE
    _printf_longlong_hex                     0x00000000   Number         0  printfstubs.o ABSOLUTE
    _printf_longlong_oct                     0x00000000   Number         0  printfstubs.o ABSOLUTE
    _printf_ls                               0x00000000   Number         0  printfstubs.o ABSOLUTE
    _printf_mbtowc                           0x00000000   Number         0  printfstubs.o ABSOLUTE
    _printf_n                                0x00000000   Number         0  printfstubs.o ABSOLUTE
    _printf_o                                0x00000000   Number         0  printfstubs.o ABSOLUTE
    _printf_p                                0x00000000   Number         0  printfstubs.o ABSOLUTE
    _printf_percent                          0x00000000   Number         0  printfstubs.o ABSOLUTE
    _printf_pre_padding                      0x00000000   Number         0  printfstubs.o ABSOLUTE
    _printf_return_value                     0x00000000   Number         0  printfstubs.o ABSOLUTE
    _printf_s                                0x00000000   Number         0  printfstubs.o ABSOLUTE
    _printf_sizespec                         0x00000000   Number         0  printfstubs.o ABSOLUTE
    _printf_str                              0x00000000   Number         0  printfstubs.o ABSOLUTE
    _printf_truncate_signed                  0x00000000   Number         0  printfstubs.o ABSOLUTE
    _printf_truncate_unsigned                0x00000000   Number         0  printfstubs.o ABSOLUTE
    _printf_u                                0x00000000   Number         0  printfstubs.o ABSOLUTE
    _printf_wc                               0x00000000   Number         0  printfstubs.o ABSOLUTE
    _printf_wctomb                           0x00000000   Number         0  printfstubs.o ABSOLUTE
    _printf_widthprec                        0x00000000   Number         0  printfstubs.o ABSOLUTE
    _printf_x                                0x00000000   Number         0  printfstubs.o ABSOLUTE
    __cpp_initialize__aeabi_                  - Undefined Weak Reference
    __cxa_finalize                            - Undefined Weak Reference
    __decompress                              - Undefined Weak Reference
    _clock_init                               - Undefined Weak Reference
    _microlib_exit                            - Undefined Weak Reference
    __Vectors_Size                           0x000001ac   Number         0  startup_stm32f427xx.o ABSOLUTE
    __Vectors                                0x08000000   Data           4  startup_stm32f427xx.o(RESET)
    __Vectors_End                            0x080001ac   Data           0  startup_stm32f427xx.o(RESET)
    __main                                   0x080001ad   Thumb Code     0  entry.o(.ARM.Collect$$$$00000000)
    _main_stk                                0x080001ad   Thumb Code     0  entry2.o(.ARM.Collect$$$$00000001)
    _main_scatterload                        0x080001b1   Thumb Code     0  entry5.o(.ARM.Collect$$$$00000004)
    __main_after_scatterload                 0x080001b5   Thumb Code     0  entry5.o(.ARM.Collect$$$$00000004)
    _main_clock                              0x080001b5   Thumb Code     0  entry7b.o(.ARM.Collect$$$$00000008)
    _main_cpp_init                           0x080001b5   Thumb Code     0  entry8b.o(.ARM.Collect$$$$0000000A)
    _main_init                               0x080001b5   Thumb Code     0  entry9a.o(.ARM.Collect$$$$0000000B)
    __rt_final_cpp                           0x080001bd   Thumb Code     0  entry10a.o(.ARM.Collect$$$$0000000D)
    __rt_final_exit                          0x080001bd   Thumb Code     0  entry11a.o(.ARM.Collect$$$$0000000F)
    Reset_Handler                            0x080001c1   Thumb Code     8  startup_stm32f427xx.o(.text)
    CAN1_RX0_IRQHandler                      0x080001db   Thumb Code     0  startup_stm32f427xx.o(.text)
    CAN1_RX1_IRQHandler                      0x080001db   Thumb Code     0  startup_stm32f427xx.o(.text)
    CAN1_SCE_IRQHandler                      0x080001db   Thumb Code     0  startup_stm32f427xx.o(.text)
    CAN1_TX_IRQHandler                       0x080001db   Thumb Code     0  startup_stm32f427xx.o(.text)
    CAN2_RX0_IRQHandler                      0x080001db   Thumb Code     0  startup_stm32f427xx.o(.text)
    CAN2_RX1_IRQHandler                      0x080001db   Thumb Code     0  startup_stm32f427xx.o(.text)
    CAN2_SCE_IRQHandler                      0x080001db   Thumb Code     0  startup_stm32f427xx.o(.text)
    CAN2_TX_IRQHandler                       0x080001db   Thumb Code     0  startup_stm32f427xx.o(.text)
    DCMI_IRQHandler                          0x080001db   Thumb Code     0  startup_stm32f427xx.o(.text)
    DMA1_Stream0_IRQHandler                  0x080001db   Thumb Code     0  startup_stm32f427xx.o(.text)
    DMA1_Stream2_IRQHandler                  0x080001db   Thumb Code     0  startup_stm32f427xx.o(.text)
    DMA1_Stream3_IRQHandler                  0x080001db   Thumb Code     0  startup_stm32f427xx.o(.text)
    DMA1_Stream4_IRQHandler                  0x080001db   Thumb Code     0  startup_stm32f427xx.o(.text)
    DMA1_Stream5_IRQHandler                  0x080001db   Thumb Code     0  startup_stm32f427xx.o(.text)
    DMA1_Stream6_IRQHandler                  0x080001db   Thumb Code     0  startup_stm32f427xx.o(.text)
    DMA1_Stream7_IRQHandler                  0x080001db   Thumb Code     0  startup_stm32f427xx.o(.text)
    DMA2D_IRQHandler                         0x080001db   Thumb Code     0  startup_stm32f427xx.o(.text)
    DMA2_Stream1_IRQHandler                  0x080001db   Thumb Code     0  startup_stm32f427xx.o(.text)
    DMA2_Stream3_IRQHandler                  0x080001db   Thumb Code     0  startup_stm32f427xx.o(.text)
    DMA2_Stream4_IRQHandler                  0x080001db   Thumb Code     0  startup_stm32f427xx.o(.text)
    DMA2_Stream5_IRQHandler                  0x080001db   Thumb Code     0  startup_stm32f427xx.o(.text)
    DMA2_Stream6_IRQHandler                  0x080001db   Thumb Code     0  startup_stm32f427xx.o(.text)
    DMA2_Stream7_IRQHandler                  0x080001db   Thumb Code     0  startup_stm32f427xx.o(.text)
    ETH_IRQHandler                           0x080001db   Thumb Code     0  startup_stm32f427xx.o(.text)
    ETH_WKUP_IRQHandler                      0x080001db   Thumb Code     0  startup_stm32f427xx.o(.text)
    EXTI0_IRQHandler                         0x080001db   Thumb Code     0  startup_stm32f427xx.o(.text)
    EXTI1_IRQHandler                         0x080001db   Thumb Code     0  startup_stm32f427xx.o(.text)
    EXTI2_IRQHandler                         0x080001db   Thumb Code     0  startup_stm32f427xx.o(.text)
    EXTI3_IRQHandler                         0x080001db   Thumb Code     0  startup_stm32f427xx.o(.text)
    EXTI4_IRQHandler                         0x080001db   Thumb Code     0  startup_stm32f427xx.o(.text)
    EXTI9_5_IRQHandler                       0x080001db   Thumb Code     0  startup_stm32f427xx.o(.text)
    FLASH_IRQHandler                         0x080001db   Thumb Code     0  startup_stm32f427xx.o(.text)
    FMC_IRQHandler                           0x080001db   Thumb Code     0  startup_stm32f427xx.o(.text)
    FPU_IRQHandler                           0x080001db   Thumb Code     0  startup_stm32f427xx.o(.text)
    HASH_RNG_IRQHandler                      0x080001db   Thumb Code     0  startup_stm32f427xx.o(.text)
    I2C1_ER_IRQHandler                       0x080001db   Thumb Code     0  startup_stm32f427xx.o(.text)
    I2C1_EV_IRQHandler                       0x080001db   Thumb Code     0  startup_stm32f427xx.o(.text)
    I2C2_ER_IRQHandler                       0x080001db   Thumb Code     0  startup_stm32f427xx.o(.text)
    I2C2_EV_IRQHandler                       0x080001db   Thumb Code     0  startup_stm32f427xx.o(.text)
    I2C3_ER_IRQHandler                       0x080001db   Thumb Code     0  startup_stm32f427xx.o(.text)
    I2C3_EV_IRQHandler                       0x080001db   Thumb Code     0  startup_stm32f427xx.o(.text)
    OTG_FS_IRQHandler                        0x080001db   Thumb Code     0  startup_stm32f427xx.o(.text)
    OTG_FS_WKUP_IRQHandler                   0x080001db   Thumb Code     0  startup_stm32f427xx.o(.text)
    OTG_HS_EP1_IN_IRQHandler                 0x080001db   Thumb Code     0  startup_stm32f427xx.o(.text)
    OTG_HS_EP1_OUT_IRQHandler                0x080001db   Thumb Code     0  startup_stm32f427xx.o(.text)
    OTG_HS_IRQHandler                        0x080001db   Thumb Code     0  startup_stm32f427xx.o(.text)
    OTG_HS_WKUP_IRQHandler                   0x080001db   Thumb Code     0  startup_stm32f427xx.o(.text)
    PVD_IRQHandler                           0x080001db   Thumb Code     0  startup_stm32f427xx.o(.text)
    RCC_IRQHandler                           0x080001db   Thumb Code     0  startup_stm32f427xx.o(.text)
    RTC_Alarm_IRQHandler                     0x080001db   Thumb Code     0  startup_stm32f427xx.o(.text)
    RTC_WKUP_IRQHandler                      0x080001db   Thumb Code     0  startup_stm32f427xx.o(.text)
    SAI1_IRQHandler                          0x080001db   Thumb Code     0  startup_stm32f427xx.o(.text)
    SDIO_IRQHandler                          0x080001db   Thumb Code     0  startup_stm32f427xx.o(.text)
    SPI1_IRQHandler                          0x080001db   Thumb Code     0  startup_stm32f427xx.o(.text)
    SPI2_IRQHandler                          0x080001db   Thumb Code     0  startup_stm32f427xx.o(.text)
    SPI3_IRQHandler                          0x080001db   Thumb Code     0  startup_stm32f427xx.o(.text)
    SPI4_IRQHandler                          0x080001db   Thumb Code     0  startup_stm32f427xx.o(.text)
    SPI5_IRQHandler                          0x080001db   Thumb Code     0  startup_stm32f427xx.o(.text)
    SPI6_IRQHandler                          0x080001db   Thumb Code     0  startup_stm32f427xx.o(.text)
    TAMP_STAMP_IRQHandler                    0x080001db   Thumb Code     0  startup_stm32f427xx.o(.text)
    TIM1_BRK_TIM9_IRQHandler                 0x080001db   Thumb Code     0  startup_stm32f427xx.o(.text)
    TIM1_CC_IRQHandler                       0x080001db   Thumb Code     0  startup_stm32f427xx.o(.text)
    TIM1_TRG_COM_TIM11_IRQHandler            0x080001db   Thumb Code     0  startup_stm32f427xx.o(.text)
    TIM1_UP_TIM10_IRQHandler                 0x080001db   Thumb Code     0  startup_stm32f427xx.o(.text)
    TIM2_IRQHandler                          0x080001db   Thumb Code     0  startup_stm32f427xx.o(.text)
    TIM3_IRQHandler                          0x080001db   Thumb Code     0  startup_stm32f427xx.o(.text)
    TIM4_IRQHandler                          0x080001db   Thumb Code     0  startup_stm32f427xx.o(.text)
    TIM5_IRQHandler                          0x080001db   Thumb Code     0  startup_stm32f427xx.o(.text)
    TIM6_DAC_IRQHandler                      0x080001db   Thumb Code     0  startup_stm32f427xx.o(.text)
    TIM7_IRQHandler                          0x080001db   Thumb Code     0  startup_stm32f427xx.o(.text)
    TIM8_BRK_TIM12_IRQHandler                0x080001db   Thumb Code     0  startup_stm32f427xx.o(.text)
    TIM8_CC_IRQHandler                       0x080001db   Thumb Code     0  startup_stm32f427xx.o(.text)
    UART4_IRQHandler                         0x080001db   Thumb Code     0  startup_stm32f427xx.o(.text)
    UART5_IRQHandler                         0x080001db   Thumb Code     0  startup_stm32f427xx.o(.text)
    UART7_IRQHandler                         0x080001db   Thumb Code     0  startup_stm32f427xx.o(.text)
    UART8_IRQHandler                         0x080001db   Thumb Code     0  startup_stm32f427xx.o(.text)
    USART2_IRQHandler                        0x080001db   Thumb Code     0  startup_stm32f427xx.o(.text)
    USART6_IRQHandler                        0x080001db   Thumb Code     0  startup_stm32f427xx.o(.text)
    WWDG_IRQHandler                          0x080001db   Thumb Code     0  startup_stm32f427xx.o(.text)
    __aeabi_uldivmod                         0x080001e5   Thumb Code    98  uldiv.o(.text)
    __aeabi_memcpy                           0x08000247   Thumb Code    36  memcpya.o(.text)
    __aeabi_memcpy4                          0x08000247   Thumb Code     0  memcpya.o(.text)
    __aeabi_memcpy8                          0x08000247   Thumb Code     0  memcpya.o(.text)
    __aeabi_memset                           0x0800026b   Thumb Code    14  memseta.o(.text)
    __aeabi_memset4                          0x0800026b   Thumb Code     0  memseta.o(.text)
    __aeabi_memset8                          0x0800026b   Thumb Code     0  memseta.o(.text)
    __aeabi_memclr                           0x08000279   Thumb Code     4  memseta.o(.text)
    __aeabi_memclr4                          0x08000279   Thumb Code     0  memseta.o(.text)
    __aeabi_memclr8                          0x08000279   Thumb Code     0  memseta.o(.text)
    _memset$wrapper                          0x0800027d   Thumb Code    18  memseta.o(.text)
    strtok                                   0x08000291   Thumb Code    62  strtok.o(.text)
    strtol                                   0x080002d5   Thumb Code   112  strtol.o(.text)
    __aeabi_dadd                             0x08000345   Thumb Code   322  dadd.o(.text)
    __aeabi_dsub                             0x08000487   Thumb Code     6  dadd.o(.text)
    __aeabi_drsub                            0x0800048d   Thumb Code     6  dadd.o(.text)
    __aeabi_f2d                              0x08000493   Thumb Code    38  f2d.o(.text)
    __aeabi_d2f                              0x080004b9   Thumb Code    56  d2f.o(.text)
    __aeabi_uidiv                            0x080004f1   Thumb Code     0  uidiv.o(.text)
    __aeabi_uidivmod                         0x080004f1   Thumb Code    44  uidiv.o(.text)
    __aeabi_llsl                             0x0800051d   Thumb Code    30  llshl.o(.text)
    _ll_shift_l                              0x0800051d   Thumb Code     0  llshl.o(.text)
    __aeabi_llsr                             0x0800053b   Thumb Code    32  llushr.o(.text)
    _ll_ushift_r                             0x0800053b   Thumb Code     0  llushr.o(.text)
    __aeabi_lasr                             0x0800055b   Thumb Code    36  llsshr.o(.text)
    _ll_sshift_r                             0x0800055b   Thumb Code     0  llsshr.o(.text)
    __rt_ctype_table                         0x08000581   Thumb Code     4  ctype_o.o(.text)
    _strtoul                                 0x08000589   Thumb Code   158  _strtoul.o(.text)
    __I$use$fp                               0x08000627   Thumb Code     0  iusefp.o(.text)
    _float_round                             0x08000627   Thumb Code    18  fepilogue.o(.text)
    _float_epilogue                          0x08000639   Thumb Code    92  fepilogue.o(.text)
    _double_round                            0x08000695   Thumb Code    30  depilogue.o(.text)
    _double_epilogue                         0x080006b3   Thumb Code   156  depilogue.o(.text)
    __aeabi_dmul                             0x0800074f   Thumb Code   228  dmul.o(.text)
    __aeabi_ddiv                             0x08000833   Thumb Code   222  ddiv.o(.text)
    __aeabi_d2ulz                            0x08000911   Thumb Code    48  dfixul.o(.text)
    __aeabi_cdrcmple                         0x08000941   Thumb Code    48  cdrcmple.o(.text)
    __scatterload                            0x08000971   Thumb Code    28  init.o(.text)
    __scatterload_rt2                        0x08000971   Thumb Code     0  init.o(.text)
    _chval                                   0x08000995   Thumb Code    28  _chval.o(.text)
    ADC_IRQHandler                           0x08000a3d   Thumb Code    42  stm32f4xx_it.o(.text.ADC_IRQHandler)
    BusFault_Handler                         0x08000a69   Thumb Code     2  stm32f4xx_it.o(.text.BusFault_Handler)
    Camera_GetInfo                           0x08000a6d   Thumb Code   106  camera.o(.text.Camera_GetInfo)
    Camera_UART3_IRQHandler                  0x08000ad9   Thumb Code   186  camera.o(.text.Camera_UART3_IRQHandler)
    DMA1_Stream1_IRQHandler                  0x08000b95   Thumb Code    12  stm32f4xx_it.o(.text.DMA1_Stream1_IRQHandler)
    DMA2_Stream0_IRQHandler                  0x08000ba1   Thumb Code    12  stm32f4xx_it.o(.text.DMA2_Stream0_IRQHandler)
    DMA2_Stream2_IRQHandler                  0x08000bad   Thumb Code    12  stm32f4xx_it.o(.text.DMA2_Stream2_IRQHandler)
    DebugMon_Handler                         0x08000bb9   Thumb Code     2  stm32f4xx_it.o(.text.DebugMon_Handler)
    EXTI15_10_IRQHandler                     0x08000bbd   Thumb Code    22  stm32f4xx_it.o(.text.EXTI15_10_IRQHandler)
    Error_Handler                            0x08000bd5   Thumb Code     6  main.o(.text.Error_Handler)
    HAL_ADCEx_InjectedConfigChannel          0x08000bdd   Thumb Code   738  stm32f4xx_hal_adc_ex.o(.text.HAL_ADCEx_InjectedConfigChannel)
    HAL_ADCEx_InjectedConvCpltCallback       0x08000ec1   Thumb Code     2  stm32f4xx_hal_adc_ex.o(.text.HAL_ADCEx_InjectedConvCpltCallback)
    HAL_ADC_ConfigChannel                    0x08000ec5   Thumb Code   464  stm32f4xx_hal_adc.o(.text.HAL_ADC_ConfigChannel)
    HAL_ADC_ConvCpltCallback                 0x08001095   Thumb Code   148  sensor.o(.text.HAL_ADC_ConvCpltCallback)
    HAL_ADC_ConvHalfCpltCallback             0x08001129   Thumb Code     2  stm32f4xx_hal_adc.o(.text.HAL_ADC_ConvHalfCpltCallback)
    HAL_ADC_ErrorCallback                    0x0800112d   Thumb Code     2  stm32f4xx_hal_adc.o(.text.HAL_ADC_ErrorCallback)
    HAL_ADC_IRQHandler                       0x08001131   Thumb Code   402  stm32f4xx_hal_adc.o(.text.HAL_ADC_IRQHandler)
    HAL_ADC_Init                             0x080012c5   Thumb Code   926  stm32f4xx_hal_adc.o(.text.HAL_ADC_Init)
    HAL_ADC_LevelOutOfWindowCallback         0x08001665   Thumb Code     2  stm32f4xx_hal_adc.o(.text.HAL_ADC_LevelOutOfWindowCallback)
    HAL_ADC_MspInit                          0x08001669   Thumb Code   430  adc.o(.text.HAL_ADC_MspInit)
    HAL_ADC_Start_DMA                        0x08001819   Thumb Code   484  stm32f4xx_hal_adc.o(.text.HAL_ADC_Start_DMA)
    HAL_ADC_Start_IT                         0x080019fd   Thumb Code   414  stm32f4xx_hal_adc.o(.text.HAL_ADC_Start_IT)
    HAL_DMA_Abort                            0x08001b9d   Thumb Code   142  stm32f4xx_hal_dma.o(.text.HAL_DMA_Abort)
    HAL_DMA_Abort_IT                         0x08001c2d   Thumb Code    36  stm32f4xx_hal_dma.o(.text.HAL_DMA_Abort_IT)
    HAL_DMA_IRQHandler                       0x08001c51   Thumb Code   448  stm32f4xx_hal_dma.o(.text.HAL_DMA_IRQHandler)
    HAL_DMA_Init                             0x08001e11   Thumb Code  1062  stm32f4xx_hal_dma.o(.text.HAL_DMA_Init)
    HAL_DMA_Start_IT                         0x08002239   Thumb Code   160  stm32f4xx_hal_dma.o(.text.HAL_DMA_Start_IT)
    HAL_Delay                                0x080022d9   Thumb Code    40  stm32f4xx_hal.o(.text.HAL_Delay)
    HAL_GPIO_EXTI_Callback                   0x08002301   Thumb Code    86  edge.o(.text.HAL_GPIO_EXTI_Callback)
    HAL_GPIO_EXTI_IRQHandler                 0x08002359   Thumb Code    22  stm32f4xx_hal_gpio.o(.text.HAL_GPIO_EXTI_IRQHandler)
    HAL_GPIO_Init                            0x08002371   Thumb Code   704  stm32f4xx_hal_gpio.o(.text.HAL_GPIO_Init)
    HAL_GPIO_ReadPin                         0x08002671   Thumb Code    34  stm32f4xx_hal_gpio.o(.text.HAL_GPIO_ReadPin)
    HAL_GetTick                              0x08002695   Thumb Code    12  stm32f4xx_hal.o(.text.HAL_GetTick)
    HAL_IncTick                              0x080026a1   Thumb Code    26  stm32f4xx_hal.o(.text.HAL_IncTick)
    HAL_Init                                 0x080026bd   Thumb Code    54  stm32f4xx_hal.o(.text.HAL_Init)
    HAL_InitTick                             0x080026f5   Thumb Code    72  stm32f4xx_hal.o(.text.HAL_InitTick)
    HAL_MspInit                              0x0800273d   Thumb Code    56  stm32f4xx_hal_msp.o(.text.HAL_MspInit)
    HAL_NVIC_EnableIRQ                       0x08002775   Thumb Code    54  stm32f4xx_hal_cortex.o(.text.HAL_NVIC_EnableIRQ)
    HAL_NVIC_SetPriority                     0x080027ad   Thumb Code   128  stm32f4xx_hal_cortex.o(.text.HAL_NVIC_SetPriority)
    HAL_NVIC_SetPriorityGrouping             0x0800282d   Thumb Code    56  stm32f4xx_hal_cortex.o(.text.HAL_NVIC_SetPriorityGrouping)
    HAL_PWREx_EnableOverDrive                0x08002865   Thumb Code   122  stm32f4xx_hal_pwr_ex.o(.text.HAL_PWREx_EnableOverDrive)
    HAL_RCC_ClockConfig                      0x080028e1   Thumb Code   546  stm32f4xx_hal_rcc.o(.text.HAL_RCC_ClockConfig)
    HAL_RCC_GetPCLK1Freq                     0x08002b05   Thumb Code    38  stm32f4xx_hal_rcc.o(.text.HAL_RCC_GetPCLK1Freq)
    HAL_RCC_GetPCLK2Freq                     0x08002b2d   Thumb Code    38  stm32f4xx_hal_rcc.o(.text.HAL_RCC_GetPCLK2Freq)
    HAL_RCC_GetSysClockFreq                  0x08002b55   Thumb Code   108  stm32f4xx_hal_rcc.o(.text.HAL_RCC_GetSysClockFreq)
    HAL_RCC_MCOConfig                        0x08002bc1   Thumb Code   268  stm32f4xx_hal_rcc.o(.text.HAL_RCC_MCOConfig)
    HAL_RCC_OscConfig                        0x08002ccd   Thumb Code  1302  stm32f4xx_hal_rcc.o(.text.HAL_RCC_OscConfig)
    HAL_SYSTICK_Config                       0x080031e5   Thumb Code    44  stm32f4xx_hal_cortex.o(.text.HAL_SYSTICK_Config)
    HAL_TIMEx_BreakCallback                  0x08003211   Thumb Code     2  stm32f4xx_hal_tim_ex.o(.text.HAL_TIMEx_BreakCallback)
    HAL_TIMEx_CommutCallback                 0x08003215   Thumb Code     2  stm32f4xx_hal_tim_ex.o(.text.HAL_TIMEx_CommutCallback)
    HAL_TIMEx_MasterConfigSynchronization    0x08003219   Thumb Code   398  stm32f4xx_hal_tim_ex.o(.text.HAL_TIMEx_MasterConfigSynchronization)
    HAL_TIM_Base_Init                        0x080033a9   Thumb Code   498  stm32f4xx_hal_tim.o(.text.HAL_TIM_Base_Init)
    HAL_TIM_Base_MspInit                     0x0800359d   Thumb Code    90  tim.o(.text.HAL_TIM_Base_MspInit)
    HAL_TIM_Base_Start_IT                    0x080035f9   Thumb Code   402  stm32f4xx_hal_tim.o(.text.HAL_TIM_Base_Start_IT)
    HAL_TIM_ConfigClockSource                0x0800378d   Thumb Code  1944  stm32f4xx_hal_tim.o(.text.HAL_TIM_ConfigClockSource)
    HAL_TIM_IC_CaptureCallback               0x08003f25   Thumb Code     2  stm32f4xx_hal_tim.o(.text.HAL_TIM_IC_CaptureCallback)
    HAL_TIM_IRQHandler                       0x08003f29   Thumb Code   334  stm32f4xx_hal_tim.o(.text.HAL_TIM_IRQHandler)
    HAL_TIM_OC_DelayElapsedCallback          0x08004079   Thumb Code     2  stm32f4xx_hal_tim.o(.text.HAL_TIM_OC_DelayElapsedCallback)
    HAL_TIM_PWM_ConfigChannel                0x0800407d   Thumb Code   968  stm32f4xx_hal_tim.o(.text.HAL_TIM_PWM_ConfigChannel)
    HAL_TIM_PWM_Init                         0x08004445   Thumb Code   498  stm32f4xx_hal_tim.o(.text.HAL_TIM_PWM_Init)
    HAL_TIM_PWM_MspInit                      0x08004639   Thumb Code    54  tim.o(.text.HAL_TIM_PWM_MspInit)
    HAL_TIM_PWM_PulseFinishedCallback        0x08004671   Thumb Code     2  stm32f4xx_hal_tim.o(.text.HAL_TIM_PWM_PulseFinishedCallback)
    HAL_TIM_PWM_Start                        0x08004675   Thumb Code   478  stm32f4xx_hal_tim.o(.text.HAL_TIM_PWM_Start)
    HAL_TIM_PeriodElapsedCallback            0x08004855   Thumb Code    30  main.o(.text.HAL_TIM_PeriodElapsedCallback)
    HAL_TIM_TriggerCallback                  0x08004875   Thumb Code     2  stm32f4xx_hal_tim.o(.text.HAL_TIM_TriggerCallback)
    HAL_UARTEx_RxEventCallback               0x08004879   Thumb Code     2  stm32f4xx_hal_uart.o(.text.HAL_UARTEx_RxEventCallback)
    HAL_UART_ErrorCallback                   0x0800487d   Thumb Code     2  stm32f4xx_hal_uart.o(.text.HAL_UART_ErrorCallback)
    HAL_UART_IRQHandler                      0x08004881   Thumb Code  1412  stm32f4xx_hal_uart.o(.text.HAL_UART_IRQHandler)
    HAL_UART_Init                            0x08004e05   Thumb Code   422  stm32f4xx_hal_uart.o(.text.HAL_UART_Init)
    HAL_UART_MspInit                         0x08004fad   Thumb Code   302  usart.o(.text.HAL_UART_MspInit)
    HAL_UART_Receive_DMA                     0x080050dd   Thumb Code   378  stm32f4xx_hal_uart.o(.text.HAL_UART_Receive_DMA)
    HAL_UART_Receive_IT                      0x08005259   Thumb Code    82  stm32f4xx_hal_uart.o(.text.HAL_UART_Receive_IT)
    HAL_UART_RxCpltCallback                  0x080052ad   Thumb Code    60  bsp_usart.o(.text.HAL_UART_RxCpltCallback)
    HAL_UART_RxHalfCpltCallback              0x080052e9   Thumb Code     2  stm32f4xx_hal_uart.o(.text.HAL_UART_RxHalfCpltCallback)
    HAL_UART_Transmit                        0x080052ed   Thumb Code   376  stm32f4xx_hal_uart.o(.text.HAL_UART_Transmit)
    HAL_UART_TxCpltCallback                  0x08005465   Thumb Code     2  stm32f4xx_hal_uart.o(.text.HAL_UART_TxCpltCallback)
    HardFault_Handler                        0x08005469   Thumb Code     2  stm32f4xx_it.o(.text.HardFault_Handler)
    MX_ADC1_Init                             0x0800546d   Thumb Code   200  adc.o(.text.MX_ADC1_Init)
    MX_ADC2_Init                             0x08005535   Thumb Code   270  adc.o(.text.MX_ADC2_Init)
    MX_ADC3_Init                             0x08005645   Thumb Code   108  adc.o(.text.MX_ADC3_Init)
    MX_DMA_Init                              0x080056b1   Thumb Code   108  dma.o(.text.MX_DMA_Init)
    MX_GPIO_Init                             0x0800571d   Thumb Code   388  gpio.o(.text.MX_GPIO_Init)
    MX_TIM3_Init                             0x080058a1   Thumb Code   218  tim.o(.text.MX_TIM3_Init)
    MX_TIM8_Init                             0x0800597d   Thumb Code   120  tim.o(.text.MX_TIM8_Init)
    MX_USART1_UART_Init                      0x080059f5   Thumb Code    60  usart.o(.text.MX_USART1_UART_Init)
    MX_USART3_UART_Init                      0x08005a31   Thumb Code    60  usart.o(.text.MX_USART3_UART_Init)
    MemManage_Handler                        0x08005a6d   Thumb Code     2  stm32f4xx_it.o(.text.MemManage_Handler)
    NMI_Handler                              0x08005a71   Thumb Code     2  stm32f4xx_it.o(.text.NMI_Handler)
    PID_Camera_Compute                       0x08005a75   Thumb Code   162  pid.o(.text.PID_Camera_Compute)
    PID_Camera_Reset                         0x08005b19   Thumb Code    22  pid.o(.text.PID_Camera_Reset)
    PID_Target_Compute                       0x08005b31   Thumb Code   162  pid.o(.text.PID_Target_Compute)
    PID_Target_Reset                         0x08005bd5   Thumb Code    22  pid.o(.text.PID_Target_Reset)
    PendSV_Handler                           0x08005bed   Thumb Code     2  stm32f4xx_it.o(.text.PendSV_Handler)
    SVC_Handler                              0x08005bf1   Thumb Code     2  stm32f4xx_it.o(.text.SVC_Handler)
    SysTick_Handler                          0x08005bf5   Thumb Code     4  stm32f4xx_it.o(.text.SysTick_Handler)
    SystemClock_Config                       0x08005bf9   Thumb Code   202  main.o(.text.SystemClock_Config)
    SystemInit                               0x08005cc5   Thumb Code    18  system_stm32f4xx.o(.text.SystemInit)
    TIM8_TRG_COM_TIM14_IRQHandler            0x08005cd9   Thumb Code    12  stm32f4xx_it.o(.text.TIM8_TRG_COM_TIM14_IRQHandler)
    TIM8_UP_TIM13_IRQHandler                 0x08005ce5   Thumb Code    12  stm32f4xx_it.o(.text.TIM8_UP_TIM13_IRQHandler)
    TIM_Base_SetConfig                       0x08005cf1   Thumb Code   322  stm32f4xx_hal_tim.o(.text.TIM_Base_SetConfig)
    TIM_CCxChannelCmd                        0x08005e35   Thumb Code   258  stm32f4xx_hal_tim.o(.text.TIM_CCxChannelCmd)
    TIM_OC2_SetConfig                        0x0800600d   Thumb Code   216  stm32f4xx_hal_tim.o(.text.TIM_OC2_SetConfig)
    UART3_Init                               0x080061bd   Thumb Code    40  camera.o(.text.UART3_Init)
    UART3_RX_Callback                        0x080061e5   Thumb Code   512  camera.o(.text.UART3_RX_Callback)
    USART1_IRQHandler                        0x08006961   Thumb Code    12  stm32f4xx_it.o(.text.USART1_IRQHandler)
    USART3_IRQHandler                        0x0800696d   Thumb Code    22  stm32f4xx_it.o(.text.USART3_IRQHandler)
    UsageFault_Handler                       0x08006985   Thumb Code     2  stm32f4xx_it.o(.text.UsageFault_Handler)
    assert_failed                            0x08006989   Thumb Code     2  main.o(.text.assert_failed)
    edge_is_busy                             0x08006c25   Thumb Code    18  edge.o(.text.edge_is_busy)
    edge_update                              0x08006c39   Thumb Code   224  edge.o(.text.edge_update)
    edge_update_no_run                       0x08006d19   Thumb Code   208  edge.o(.text.edge_update_no_run)
    fputc                                    0x08006de9   Thumb Code    32  bsp_usart.o(.text.fputc)
    get_distance                             0x08006e09   Thumb Code   268  sensor.o(.text.get_distance)
    main                                     0x08006f15   Thumb Code   352  main.o(.text.main)
    run                                      0x08007085   Thumb Code   150  motor.o(.text.run)
    run_diff                                 0x0800711d   Thumb Code    78  motor.o(.text.run_diff)
    system_update                            0x0800716d   Thumb Code  1868  system.o(.text.system_update)
    __0printf                                0x08007959   Thumb Code    22  printfa.o(i.__0printf)
    __1printf                                0x08007959   Thumb Code     0  printfa.o(i.__0printf)
    __2printf                                0x08007959   Thumb Code     0  printfa.o(i.__0printf)
    __c89printf                              0x08007959   Thumb Code     0  printfa.o(i.__0printf)
    printf                                   0x08007959   Thumb Code     0  printfa.o(i.__0printf)
    __aeabi_errno_addr                       0x08007979   Thumb Code     4  errno.o(i.__aeabi_errno_addr)
    __rt_errno_addr                          0x08007979   Thumb Code     0  errno.o(i.__aeabi_errno_addr)
    __scatterload_copy                       0x08007981   Thumb Code    14  handlers.o(i.__scatterload_copy)
    __scatterload_null                       0x0800798f   Thumb Code     2  handlers.o(i.__scatterload_null)
    __scatterload_zeroinit                   0x08007991   Thumb Code    14  handlers.o(i.__scatterload_zeroinit)
    puts                                     0x08008255   Thumb Code    30  puts.o(i.puts)
    __ctype_table                            0x08008278   Data         129  ctype_o.o(.constdata)
    AHBPrescTable                            0x08008300   Data          16  system_stm32f4xx.o(.rodata.AHBPrescTable)
    APBPrescTable                            0x08008310   Data           8  system_stm32f4xx.o(.rodata.APBPrescTable)
    Region$$Table$$Base                      0x080085d4   Number         0  anon$$obj.o(Region$$Table)
    Region$$Table$$Limit                     0x080085f4   Number         0  anon$$obj.o(Region$$Table)
    __stdout                                 0x20000004   Data           4  stdout.o(.data)
    uwTickFreq                               0x2000000c   Data           1  stm32f4xx_hal.o(.data..L_MergedGlobals)
    uwTickPrio                               0x20000010   Data           4  stm32f4xx_hal.o(.data..L_MergedGlobals)
    SystemCoreClock                          0x20000064   Data           4  system_stm32f4xx.o(.data.SystemCoreClock)
    adc_index                                0x20000070   Data           1  sensor.o(.bss..L_MergedGlobals)
    adc1_done                                0x20000071   Data           1  sensor.o(.bss..L_MergedGlobals)
    adc2_done                                0x20000072   Data           1  sensor.o(.bss..L_MergedGlobals)
    adc_value_adc1                           0x20000074   Data           8  sensor.o(.bss..L_MergedGlobals)
    adc_value_adc2                           0x2000007c   Data           8  sensor.o(.bss..L_MergedGlobals)
    camera_info                              0x200000c8   Data          20  camera.o(.bss..L_MergedGlobals)
    adc_buf                                  0x200000dc   Data         160  sensor.o(.bss.adc_buf)
    hadc1                                    0x2000027c   Data          72  adc.o(.bss.hadc1)
    hadc2                                    0x200002c4   Data          72  adc.o(.bss.hadc2)
    hadc3                                    0x2000030c   Data          72  adc.o(.bss.hadc3)
    hdma_adc1                                0x20000354   Data          96  adc.o(.bss.hdma_adc1)
    hdma_adc2                                0x200003b4   Data          96  adc.o(.bss.hdma_adc2)
    hdma_usart3_rx                           0x20000414   Data          96  usart.o(.bss.hdma_usart3_rx)
    htim3                                    0x20000474   Data          72  tim.o(.bss.htim3)
    htim8                                    0x200004bc   Data          72  tim.o(.bss.htim8)
    huart1                                   0x20000504   Data          72  usart.o(.bss.huart1)
    huart3                                   0x2000054c   Data          72  usart.o(.bss.huart3)
    last_distance                            0x20000594   Data          32  sensor.o(.bss.last_distance)
    old_pos                                  0x200005b4   Data           2  camera.o(.bss.old_pos)
    rx1_buf                                  0x200005b6   Data           1  bsp_usart.o(.bss.rx1_buf)
    rx_buf                                   0x200005b7   Data         256  camera.o(.bss.rx_buf)
    uwTick                                   0x200006b8   Data           4  stm32f4xx_hal.o(.bss.uwTick)
    __initial_sp                             0x20000ec0   Data           0  startup_stm32f427xx.o(STACK)



==============================================================================

Memory Map of the image

  Image Entry point : 0x080001ad

  Load Region LR_IROM1 (Base: 0x08000000, Size: 0x00008668, Max: 0x00100000, ABSOLUTE)

    Execution Region ER_IROM1 (Exec base: 0x08000000, Load base: 0x08000000, Size: 0x000085f4, Max: 0x00100000, ABSOLUTE)

    Exec Addr    Load Addr    Size         Type   Attr      Idx    E Section Name        Object

    0x08000000   0x08000000   0x000001ac   Data   RO            3    RESET               startup_stm32f427xx.o
    0x080001ac   0x080001ac   0x00000000   Code   RO         1263  * .ARM.Collect$$$$00000000  mc_w.l(entry.o)
    0x080001ac   0x080001ac   0x00000004   Code   RO         1553    .ARM.Collect$$$$00000001  mc_w.l(entry2.o)
    0x080001b0   0x080001b0   0x00000004   Code   RO         1556    .ARM.Collect$$$$00000004  mc_w.l(entry5.o)
    0x080001b4   0x080001b4   0x00000000   Code   RO         1558    .ARM.Collect$$$$00000008  mc_w.l(entry7b.o)
    0x080001b4   0x080001b4   0x00000000   Code   RO         1560    .ARM.Collect$$$$0000000A  mc_w.l(entry8b.o)
    0x080001b4   0x080001b4   0x00000008   Code   RO         1561    .ARM.Collect$$$$0000000B  mc_w.l(entry9a.o)
    0x080001bc   0x080001bc   0x00000000   Code   RO         1563    .ARM.Collect$$$$0000000D  mc_w.l(entry10a.o)
    0x080001bc   0x080001bc   0x00000000   Code   RO         1565    .ARM.Collect$$$$0000000F  mc_w.l(entry11a.o)
    0x080001bc   0x080001bc   0x00000004   Code   RO         1554    .ARM.Collect$$$$00002712  mc_w.l(entry2.o)
    0x080001c0   0x080001c0   0x00000024   Code   RO            4    .text               startup_stm32f427xx.o
    0x080001e4   0x080001e4   0x00000062   Code   RO         1270    .text               mc_w.l(uldiv.o)
    0x08000246   0x08000246   0x00000024   Code   RO         1272    .text               mc_w.l(memcpya.o)
    0x0800026a   0x0800026a   0x00000024   Code   RO         1274    .text               mc_w.l(memseta.o)
    0x0800028e   0x0800028e   0x00000002   PAD
    0x08000290   0x08000290   0x00000044   Code   RO         1276    .text               mc_w.l(strtok.o)
    0x080002d4   0x080002d4   0x00000070   Code   RO         1545    .text               mc_w.l(strtol.o)
    0x08000344   0x08000344   0x0000014e   Code   RO         1547    .text               mf_w.l(dadd.o)
    0x08000492   0x08000492   0x00000026   Code   RO         1549    .text               mf_w.l(f2d.o)
    0x080004b8   0x080004b8   0x00000038   Code   RO         1551    .text               mf_w.l(d2f.o)
    0x080004f0   0x080004f0   0x0000002c   Code   RO         1577    .text               mc_w.l(uidiv.o)
    0x0800051c   0x0800051c   0x0000001e   Code   RO         1579    .text               mc_w.l(llshl.o)
    0x0800053a   0x0800053a   0x00000020   Code   RO         1581    .text               mc_w.l(llushr.o)
    0x0800055a   0x0800055a   0x00000024   Code   RO         1583    .text               mc_w.l(llsshr.o)
    0x0800057e   0x0800057e   0x00000002   PAD
    0x08000580   0x08000580   0x00000008   Code   RO         1585    .text               mc_w.l(ctype_o.o)
    0x08000588   0x08000588   0x0000009e   Code   RO         1620    .text               mc_w.l(_strtoul.o)
    0x08000626   0x08000626   0x00000000   Code   RO         1622    .text               mc_w.l(iusefp.o)
    0x08000626   0x08000626   0x0000006e   Code   RO         1623    .text               mf_w.l(fepilogue.o)
    0x08000694   0x08000694   0x000000ba   Code   RO         1625    .text               mf_w.l(depilogue.o)
    0x0800074e   0x0800074e   0x000000e4   Code   RO         1627    .text               mf_w.l(dmul.o)
    0x08000832   0x08000832   0x000000de   Code   RO         1629    .text               mf_w.l(ddiv.o)
    0x08000910   0x08000910   0x00000030   Code   RO         1631    .text               mf_w.l(dfixul.o)
    0x08000940   0x08000940   0x00000030   Code   RO         1633    .text               mf_w.l(cdrcmple.o)
    0x08000970   0x08000970   0x00000024   Code   RO         1635    .text               mc_w.l(init.o)
    0x08000994   0x08000994   0x0000001c   Code   RO         1637    .text               mc_w.l(_chval.o)
    0x080009b0   0x080009b0   0x0000006e   Code   RO          196    .text.ADC_DMAConvCplt  stm32f4xx_hal_adc.o
    0x08000a1e   0x08000a1e   0x00000002   PAD
    0x08000a20   0x08000a20   0x00000012   Code   RO          200    .text.ADC_DMAError  stm32f4xx_hal_adc.o
    0x08000a32   0x08000a32   0x00000002   PAD
    0x08000a34   0x08000a34   0x00000006   Code   RO          198    .text.ADC_DMAHalfConvCplt  stm32f4xx_hal_adc.o
    0x08000a3a   0x08000a3a   0x00000002   PAD
    0x08000a3c   0x08000a3c   0x0000002a   Code   RO          135    .text.ADC_IRQHandler  stm32f4xx_it.o
    0x08000a66   0x08000a66   0x00000002   PAD
    0x08000a68   0x08000a68   0x00000002   Code   RO          121    .text.BusFault_Handler  stm32f4xx_it.o
    0x08000a6a   0x08000a6a   0x00000002   PAD
    0x08000a6c   0x08000a6c   0x0000006a   Code   RO         1227    .text.Camera_GetInfo  camera.o
    0x08000ad6   0x08000ad6   0x00000002   PAD
    0x08000ad8   0x08000ad8   0x000000ba   Code   RO         1223    .text.Camera_UART3_IRQHandler  camera.o
    0x08000b92   0x08000b92   0x00000002   PAD
    0x08000b94   0x08000b94   0x0000000c   Code   RO          133    .text.DMA1_Stream1_IRQHandler  stm32f4xx_it.o
    0x08000ba0   0x08000ba0   0x0000000c   Code   RO          147    .text.DMA2_Stream0_IRQHandler  stm32f4xx_it.o
    0x08000bac   0x08000bac   0x0000000c   Code   RO          149    .text.DMA2_Stream2_IRQHandler  stm32f4xx_it.o
    0x08000bb8   0x08000bb8   0x00000002   Code   RO          127    .text.DebugMon_Handler  stm32f4xx_it.o
    0x08000bba   0x08000bba   0x00000002   PAD
    0x08000bbc   0x08000bbc   0x00000016   Code   RO          141    .text.EXTI15_10_IRQHandler  stm32f4xx_it.o
    0x08000bd2   0x08000bd2   0x00000002   PAD
    0x08000bd4   0x08000bd4   0x00000006   Code   RO           15    .text.Error_Handler  main.o
    0x08000bda   0x08000bda   0x00000002   PAD
    0x08000bdc   0x08000bdc   0x000002e2   Code   RO          251    .text.HAL_ADCEx_InjectedConfigChannel  stm32f4xx_hal_adc_ex.o
    0x08000ebe   0x08000ebe   0x00000002   PAD
    0x08000ec0   0x08000ec0   0x00000002   Code   RO          249    .text.HAL_ADCEx_InjectedConvCpltCallback  stm32f4xx_hal_adc_ex.o
    0x08000ec2   0x08000ec2   0x00000002   PAD
    0x08000ec4   0x08000ec4   0x000001d0   Code   RO          208    .text.HAL_ADC_ConfigChannel  stm32f4xx_hal_adc.o
    0x08001094   0x08001094   0x00000094   Code   RO         1162    .text.HAL_ADC_ConvCpltCallback  sensor.o
    0x08001128   0x08001128   0x00000002   Code   RO          206    .text.HAL_ADC_ConvHalfCpltCallback  stm32f4xx_hal_adc.o
    0x0800112a   0x0800112a   0x00000002   PAD
    0x0800112c   0x0800112c   0x00000002   Code   RO          192    .text.HAL_ADC_ErrorCallback  stm32f4xx_hal_adc.o
    0x0800112e   0x0800112e   0x00000002   PAD
    0x08001130   0x08001130   0x00000192   Code   RO          186    .text.HAL_ADC_IRQHandler  stm32f4xx_hal_adc.o
    0x080012c2   0x080012c2   0x00000002   PAD
    0x080012c4   0x080012c4   0x0000039e   Code   RO          166    .text.HAL_ADC_Init  stm32f4xx_hal_adc.o
    0x08001662   0x08001662   0x00000002   PAD
    0x08001664   0x08001664   0x00000002   Code   RO          190    .text.HAL_ADC_LevelOutOfWindowCallback  stm32f4xx_hal_adc.o
    0x08001666   0x08001666   0x00000002   PAD
    0x08001668   0x08001668   0x000001ae   Code   RO           46    .text.HAL_ADC_MspInit  adc.o
    0x08001816   0x08001816   0x00000002   PAD
    0x08001818   0x08001818   0x000001e4   Code   RO          194    .text.HAL_ADC_Start_DMA  stm32f4xx_hal_adc.o
    0x080019fc   0x080019fc   0x0000019e   Code   RO          182    .text.HAL_ADC_Start_IT  stm32f4xx_hal_adc.o
    0x08001b9a   0x08001b9a   0x00000002   PAD
    0x08001b9c   0x08001b9c   0x0000008e   Code   RO          440    .text.HAL_DMA_Abort  stm32f4xx_hal_dma.o
    0x08001c2a   0x08001c2a   0x00000002   PAD
    0x08001c2c   0x08001c2c   0x00000024   Code   RO          442    .text.HAL_DMA_Abort_IT  stm32f4xx_hal_dma.o
    0x08001c50   0x08001c50   0x000001c0   Code   RO          446    .text.HAL_DMA_IRQHandler  stm32f4xx_hal_dma.o
    0x08001e10   0x08001e10   0x00000426   Code   RO          432    .text.HAL_DMA_Init  stm32f4xx_hal_dma.o
    0x08002236   0x08002236   0x00000002   PAD
    0x08002238   0x08002238   0x000000a0   Code   RO          438    .text.HAL_DMA_Start_IT  stm32f4xx_hal_dma.o
    0x080022d8   0x080022d8   0x00000028   Code   RO          609    .text.HAL_Delay     stm32f4xx_hal.o
    0x08002300   0x08002300   0x00000056   Code   RO         1204    .text.HAL_GPIO_EXTI_Callback  edge.o
    0x08002356   0x08002356   0x00000002   PAD
    0x08002358   0x08002358   0x00000016   Code   RO          404    .text.HAL_GPIO_EXTI_IRQHandler  stm32f4xx_hal_gpio.o
    0x0800236e   0x0800236e   0x00000002   PAD
    0x08002370   0x08002370   0x00000300   Code   RO          392    .text.HAL_GPIO_Init  stm32f4xx_hal_gpio.o
    0x08002670   0x08002670   0x00000022   Code   RO          396    .text.HAL_GPIO_ReadPin  stm32f4xx_hal_gpio.o
    0x08002692   0x08002692   0x00000002   PAD
    0x08002694   0x08002694   0x0000000c   Code   RO          601    .text.HAL_GetTick   stm32f4xx_hal.o
    0x080026a0   0x080026a0   0x0000001a   Code   RO          599    .text.HAL_IncTick   stm32f4xx_hal.o
    0x080026ba   0x080026ba   0x00000002   PAD
    0x080026bc   0x080026bc   0x00000036   Code   RO          589    .text.HAL_Init      stm32f4xx_hal.o
    0x080026f2   0x080026f2   0x00000002   PAD
    0x080026f4   0x080026f4   0x00000048   Code   RO          591    .text.HAL_InitTick  stm32f4xx_hal.o
    0x0800273c   0x0800273c   0x00000038   Code   RO          158    .text.HAL_MspInit   stm32f4xx_hal_msp.o
    0x08002774   0x08002774   0x00000036   Code   RO          540    .text.HAL_NVIC_EnableIRQ  stm32f4xx_hal_cortex.o
    0x080027aa   0x080027aa   0x00000002   PAD
    0x080027ac   0x080027ac   0x00000080   Code   RO          538    .text.HAL_NVIC_SetPriority  stm32f4xx_hal_cortex.o
    0x0800282c   0x0800282c   0x00000038   Code   RO          536    .text.HAL_NVIC_SetPriorityGrouping  stm32f4xx_hal_cortex.o
    0x08002864   0x08002864   0x0000007a   Code   RO          521    .text.HAL_PWREx_EnableOverDrive  stm32f4xx_hal_pwr_ex.o
    0x080028de   0x080028de   0x00000002   PAD
    0x080028e0   0x080028e0   0x00000222   Code   RO          268    .text.HAL_RCC_ClockConfig  stm32f4xx_hal_rcc.o
    0x08002b02   0x08002b02   0x00000002   PAD
    0x08002b04   0x08002b04   0x00000026   Code   RO          280    .text.HAL_RCC_GetPCLK1Freq  stm32f4xx_hal_rcc.o
    0x08002b2a   0x08002b2a   0x00000002   PAD
    0x08002b2c   0x08002b2c   0x00000026   Code   RO          282    .text.HAL_RCC_GetPCLK2Freq  stm32f4xx_hal_rcc.o
    0x08002b52   0x08002b52   0x00000002   PAD
    0x08002b54   0x08002b54   0x0000006c   Code   RO          270    .text.HAL_RCC_GetSysClockFreq  stm32f4xx_hal_rcc.o
    0x08002bc0   0x08002bc0   0x0000010c   Code   RO          272    .text.HAL_RCC_MCOConfig  stm32f4xx_hal_rcc.o
    0x08002ccc   0x08002ccc   0x00000516   Code   RO          266    .text.HAL_RCC_OscConfig  stm32f4xx_hal_rcc.o
    0x080031e2   0x080031e2   0x00000002   PAD
    0x080031e4   0x080031e4   0x0000002c   Code   RO          548    .text.HAL_SYSTICK_Config  stm32f4xx_hal_cortex.o
    0x08003210   0x08003210   0x00000002   Code   RO          994    .text.HAL_TIMEx_BreakCallback  stm32f4xx_hal_tim_ex.o
    0x08003212   0x08003212   0x00000002   PAD
    0x08003214   0x08003214   0x00000002   Code   RO          990    .text.HAL_TIMEx_CommutCallback  stm32f4xx_hal_tim_ex.o
    0x08003216   0x08003216   0x00000002   PAD
    0x08003218   0x08003218   0x0000018e   Code   RO          984    .text.HAL_TIMEx_MasterConfigSynchronization  stm32f4xx_hal_tim_ex.o
    0x080033a6   0x080033a6   0x00000002   PAD
    0x080033a8   0x080033a8   0x000001f2   Code   RO          684    .text.HAL_TIM_Base_Init  stm32f4xx_hal_tim.o
    0x0800359a   0x0800359a   0x00000002   PAD
    0x0800359c   0x0800359c   0x0000005a   Code   RO           80    .text.HAL_TIM_Base_MspInit  tim.o
    0x080035f6   0x080035f6   0x00000002   PAD
    0x080035f8   0x080035f8   0x00000192   Code   RO          698    .text.HAL_TIM_Base_Start_IT  stm32f4xx_hal_tim.o
    0x0800378a   0x0800378a   0x00000002   PAD
    0x0800378c   0x0800378c   0x00000798   Code   RO          868    .text.HAL_TIM_ConfigClockSource  stm32f4xx_hal_tim.o
    0x08003f24   0x08003f24   0x00000002   Code   RO          820    .text.HAL_TIM_IC_CaptureCallback  stm32f4xx_hal_tim.o
    0x08003f26   0x08003f26   0x00000002   PAD
    0x08003f28   0x08003f28   0x0000014e   Code   RO          818    .text.HAL_TIM_IRQHandler  stm32f4xx_hal_tim.o
    0x08004076   0x08004076   0x00000002   PAD
    0x08004078   0x08004078   0x00000002   Code   RO          822    .text.HAL_TIM_OC_DelayElapsedCallback  stm32f4xx_hal_tim.o
    0x0800407a   0x0800407a   0x00000002   PAD
    0x0800407c   0x0800407c   0x000003c8   Code   RO          842    .text.HAL_TIM_PWM_ConfigChannel  stm32f4xx_hal_tim.o
    0x08004444   0x08004444   0x000001f2   Code   RO          738    .text.HAL_TIM_PWM_Init  stm32f4xx_hal_tim.o
    0x08004636   0x08004636   0x00000002   PAD
    0x08004638   0x08004638   0x00000036   Code   RO           78    .text.HAL_TIM_PWM_MspInit  tim.o
    0x0800466e   0x0800466e   0x00000002   PAD
    0x08004670   0x08004670   0x00000002   Code   RO          824    .text.HAL_TIM_PWM_PulseFinishedCallback  stm32f4xx_hal_tim.o
    0x08004672   0x08004672   0x00000002   PAD
    0x08004674   0x08004674   0x000001de   Code   RO          746    .text.HAL_TIM_PWM_Start  stm32f4xx_hal_tim.o
    0x08004852   0x08004852   0x00000002   PAD
    0x08004854   0x08004854   0x0000001e   Code   RO           17    .text.HAL_TIM_PeriodElapsedCallback  main.o
    0x08004872   0x08004872   0x00000002   PAD
    0x08004874   0x08004874   0x00000002   Code   RO          828    .text.HAL_TIM_TriggerCallback  stm32f4xx_hal_tim.o
    0x08004876   0x08004876   0x00000002   PAD
    0x08004878   0x08004878   0x00000002   Code   RO         1095    .text.HAL_UARTEx_RxEventCallback  stm32f4xx_hal_uart.o
    0x0800487a   0x0800487a   0x00000002   PAD
    0x0800487c   0x0800487c   0x00000002   Code   RO         1093    .text.HAL_UART_ErrorCallback  stm32f4xx_hal_uart.o
    0x0800487e   0x0800487e   0x00000002   PAD
    0x08004880   0x08004880   0x00000584   Code   RO         1087    .text.HAL_UART_IRQHandler  stm32f4xx_hal_uart.o
    0x08004e04   0x08004e04   0x000001a6   Code   RO         1009    .text.HAL_UART_Init  stm32f4xx_hal_uart.o
    0x08004faa   0x08004faa   0x00000002   PAD
    0x08004fac   0x08004fac   0x0000012e   Code   RO          100    .text.HAL_UART_MspInit  usart.o
    0x080050da   0x080050da   0x00000002   PAD
    0x080050dc   0x080050dc   0x0000017a   Code   RO         1043    .text.HAL_UART_Receive_DMA  stm32f4xx_hal_uart.o
    0x08005256   0x08005256   0x00000002   PAD
    0x08005258   0x08005258   0x00000052   Code   RO         1031    .text.HAL_UART_Receive_IT  stm32f4xx_hal_uart.o
    0x080052aa   0x080052aa   0x00000002   PAD
    0x080052ac   0x080052ac   0x0000003c   Code   RO         1151    .text.HAL_UART_RxCpltCallback  bsp_usart.o
    0x080052e8   0x080052e8   0x00000002   Code   RO         1103    .text.HAL_UART_RxHalfCpltCallback  stm32f4xx_hal_uart.o
    0x080052ea   0x080052ea   0x00000002   PAD
    0x080052ec   0x080052ec   0x00000178   Code   RO         1025    .text.HAL_UART_Transmit  stm32f4xx_hal_uart.o
    0x08005464   0x08005464   0x00000002   Code   RO         1097    .text.HAL_UART_TxCpltCallback  stm32f4xx_hal_uart.o
    0x08005466   0x08005466   0x00000002   PAD
    0x08005468   0x08005468   0x00000002   Code   RO          117    .text.HardFault_Handler  stm32f4xx_it.o
    0x0800546a   0x0800546a   0x00000002   PAD
    0x0800546c   0x0800546c   0x000000c8   Code   RO           40    .text.MX_ADC1_Init  adc.o
    0x08005534   0x08005534   0x0000010e   Code   RO           42    .text.MX_ADC2_Init  adc.o
    0x08005642   0x08005642   0x00000002   PAD
    0x08005644   0x08005644   0x0000006c   Code   RO           44    .text.MX_ADC3_Init  adc.o
    0x080056b0   0x080056b0   0x0000006c   Code   RO           63    .text.MX_DMA_Init   dma.o
    0x0800571c   0x0800571c   0x00000184   Code   RO           31    .text.MX_GPIO_Init  gpio.o
    0x080058a0   0x080058a0   0x000000da   Code   RO           72    .text.MX_TIM3_Init  tim.o
    0x0800597a   0x0800597a   0x00000002   PAD
    0x0800597c   0x0800597c   0x00000078   Code   RO           76    .text.MX_TIM8_Init  tim.o
    0x080059f4   0x080059f4   0x0000003c   Code   RO           96    .text.MX_USART1_UART_Init  usart.o
    0x08005a30   0x08005a30   0x0000003c   Code   RO           98    .text.MX_USART3_UART_Init  usart.o
    0x08005a6c   0x08005a6c   0x00000002   Code   RO          119    .text.MemManage_Handler  stm32f4xx_it.o
    0x08005a6e   0x08005a6e   0x00000002   PAD
    0x08005a70   0x08005a70   0x00000002   Code   RO          115    .text.NMI_Handler   stm32f4xx_it.o
    0x08005a72   0x08005a72   0x00000002   PAD
    0x08005a74   0x08005a74   0x000000a2   Code   RO         1251    .text.PID_Camera_Compute  pid.o
    0x08005b16   0x08005b16   0x00000002   PAD
    0x08005b18   0x08005b18   0x00000016   Code   RO         1245    .text.PID_Camera_Reset  pid.o
    0x08005b2e   0x08005b2e   0x00000002   PAD
    0x08005b30   0x08005b30   0x000000a2   Code   RO         1253    .text.PID_Target_Compute  pid.o
    0x08005bd2   0x08005bd2   0x00000002   PAD
    0x08005bd4   0x08005bd4   0x00000016   Code   RO         1247    .text.PID_Target_Reset  pid.o
    0x08005bea   0x08005bea   0x00000002   PAD
    0x08005bec   0x08005bec   0x00000002   Code   RO          129    .text.PendSV_Handler  stm32f4xx_it.o
    0x08005bee   0x08005bee   0x00000002   PAD
    0x08005bf0   0x08005bf0   0x00000002   Code   RO          125    .text.SVC_Handler   stm32f4xx_it.o
    0x08005bf2   0x08005bf2   0x00000002   PAD
    0x08005bf4   0x08005bf4   0x00000004   Code   RO          131    .text.SysTick_Handler  stm32f4xx_it.o
    0x08005bf8   0x08005bf8   0x000000ca   Code   RO           13    .text.SystemClock_Config  main.o
    0x08005cc2   0x08005cc2   0x00000002   PAD
    0x08005cc4   0x08005cc4   0x00000012   Code   RO         1132    .text.SystemInit    system_stm32f4xx.o
    0x08005cd6   0x08005cd6   0x00000002   PAD
    0x08005cd8   0x08005cd8   0x0000000c   Code   RO          145    .text.TIM8_TRG_COM_TIM14_IRQHandler  stm32f4xx_it.o
    0x08005ce4   0x08005ce4   0x0000000c   Code   RO          143    .text.TIM8_UP_TIM13_IRQHandler  stm32f4xx_it.o
    0x08005cf0   0x08005cf0   0x00000142   Code   RO          688    .text.TIM_Base_SetConfig  stm32f4xx_hal_tim.o
    0x08005e32   0x08005e32   0x00000002   PAD
    0x08005e34   0x08005e34   0x00000102   Code   RO          722    .text.TIM_CCxChannelCmd  stm32f4xx_hal_tim.o
    0x08005f36   0x08005f36   0x00000002   PAD
    0x08005f38   0x08005f38   0x000000d4   Code   RO          832    .text.TIM_OC1_SetConfig  stm32f4xx_hal_tim.o
    0x0800600c   0x0800600c   0x000000d8   Code   RO          834    .text.TIM_OC2_SetConfig  stm32f4xx_hal_tim.o
    0x080060e4   0x080060e4   0x000000d8   Code   RO          836    .text.TIM_OC3_SetConfig  stm32f4xx_hal_tim.o
    0x080061bc   0x080061bc   0x00000028   Code   RO         1221    .text.UART3_Init    camera.o
    0x080061e4   0x080061e4   0x0000021c   Code   RO         1225    .text.UART3_RX_Callback  camera.o
    0x08006400   0x08006400   0x0000000a   Code   RO         1091    .text.UART_DMAAbortOnError  stm32f4xx_hal_uart.o
    0x0800640a   0x0800640a   0x00000002   PAD
    0x0800640c   0x0800640c   0x0000017c   Code   RO         1041    .text.UART_DMAError  stm32f4xx_hal_uart.o
    0x08006588   0x08006588   0x0000015e   Code   RO         1119    .text.UART_DMAReceiveCplt  stm32f4xx_hal_uart.o
    0x080066e6   0x080066e6   0x00000002   PAD
    0x080066e8   0x080066e8   0x00000018   Code   RO         1121    .text.UART_DMARxHalfCplt  stm32f4xx_hal_uart.o
    0x08006700   0x08006700   0x000000fe   Code   RO         1089    .text.UART_Receive_IT  stm32f4xx_hal_uart.o
    0x080067fe   0x080067fe   0x00000002   PAD
    0x08006800   0x08006800   0x0000015e   Code   RO         1013    .text.UART_SetConfig  stm32f4xx_hal_uart.o
    0x0800695e   0x0800695e   0x00000002   PAD
    0x08006960   0x08006960   0x0000000c   Code   RO          137    .text.USART1_IRQHandler  stm32f4xx_it.o
    0x0800696c   0x0800696c   0x00000016   Code   RO          139    .text.USART3_IRQHandler  stm32f4xx_it.o
    0x08006982   0x08006982   0x00000002   PAD
    0x08006984   0x08006984   0x00000002   Code   RO          123    .text.UsageFault_Handler  stm32f4xx_it.o
    0x08006986   0x08006986   0x00000002   PAD
    0x08006988   0x08006988   0x00000002   Code   RO           19    .text.assert_failed  main.o
    0x0800698a   0x0800698a   0x00000002   PAD
    0x0800698c   0x0800698c   0x00000298   Code   RO         1191    .text.detect_target  system.o
    0x08006c24   0x08006c24   0x00000012   Code   RO         1206    .text.edge_is_busy  edge.o
    0x08006c36   0x08006c36   0x00000002   PAD
    0x08006c38   0x08006c38   0x000000e0   Code   RO         1208    .text.edge_update   edge.o
    0x08006d18   0x08006d18   0x000000d0   Code   RO         1210    .text.edge_update_no_run  edge.o
    0x08006de8   0x08006de8   0x00000020   Code   RO         1147    .text.fputc         bsp_usart.o
    0x08006e08   0x08006e08   0x0000010c   Code   RO         1164    .text.get_distance  sensor.o
    0x08006f14   0x08006f14   0x00000170   Code   RO           11    .text.main          main.o
    0x08007084   0x08007084   0x00000096   Code   RO         1177    .text.run           motor.o
    0x0800711a   0x0800711a   0x00000002   PAD
    0x0800711c   0x0800711c   0x0000004e   Code   RO         1179    .text.run_diff      motor.o
    0x0800716a   0x0800716a   0x00000002   PAD
    0x0800716c   0x0800716c   0x000007ec   Code   RO         1189    .text.system_update  system.o
    0x08007958   0x08007958   0x00000020   Code   RO         1517    i.__0printf         mc_w.l(printfa.o)
    0x08007978   0x08007978   0x00000008   Code   RO         1613    i.__aeabi_errno_addr  mc_w.l(errno.o)
    0x08007980   0x08007980   0x0000000e   Code   RO         1641    i.__scatterload_copy  mc_w.l(handlers.o)
    0x0800798e   0x0800798e   0x00000002   Code   RO         1642    i.__scatterload_null  mc_w.l(handlers.o)
    0x08007990   0x08007990   0x0000000e   Code   RO         1643    i.__scatterload_zeroinit  mc_w.l(handlers.o)
    0x0800799e   0x0800799e   0x00000002   PAD
    0x080079a0   0x080079a0   0x00000184   Code   RO         1524    i._fp_digits        mc_w.l(printfa.o)
    0x08007b24   0x08007b24   0x000006dc   Code   RO         1525    i._printf_core      mc_w.l(printfa.o)
    0x08008200   0x08008200   0x00000024   Code   RO         1526    i._printf_post_padding  mc_w.l(printfa.o)
    0x08008224   0x08008224   0x0000002e   Code   RO         1527    i._printf_pre_padding  mc_w.l(printfa.o)
    0x08008252   0x08008252   0x00000002   PAD
    0x08008254   0x08008254   0x00000024   Code   RO         1266    i.puts              mc_w.l(puts.o)
    0x08008278   0x08008278   0x00000081   Data   RO         1586    .constdata          mc_w.l(ctype_o.o)
    0x080082f9   0x080082f9   0x00000003   PAD
    0x080082fc   0x080082fc   0x00000004   Data   RO         1587    .constdata          mc_w.l(ctype_o.o)
    0x08008300   0x08008300   0x00000010   Data   RO         1137    .rodata.AHBPrescTable  system_stm32f4xx.o
    0x08008310   0x08008310   0x00000008   Data   RO         1138    .rodata.APBPrescTable  system_stm32f4xx.o
    0x08008318   0x08008318   0x00000008   Data   RO          457    .rodata.cst8        stm32f4xx_hal_dma.o
    0x08008320   0x08008320   0x00000060   Data   RO           21    .rodata.str1.1      main.o
    0x08008380   0x08008380   0x00000038   Data   RO          216    .rodata.str1.1      stm32f4xx_hal_adc.o
    0x080083b8   0x080083b8   0x0000003b   Data   RO          255    .rodata.str1.1      stm32f4xx_hal_adc_ex.o
    0x080083f3   0x080083f3   0x00000038   Data   RO          292    .rodata.str1.1      stm32f4xx_hal_rcc.o
    0x0800842b   0x0800842b   0x00000039   Data   RO          408    .rodata.str1.1      stm32f4xx_hal_gpio.o
    0x08008464   0x08008464   0x00000038   Data   RO          456    .rodata.str1.1      stm32f4xx_hal_dma.o
    0x0800849c   0x0800849c   0x0000003b   Data   RO          580    .rodata.str1.1      stm32f4xx_hal_cortex.o
    0x080084d7   0x080084d7   0x00000038   Data   RO          908    .rodata.str1.1      stm32f4xx_hal_tim.o
    0x0800850f   0x0800850f   0x0000003b   Data   RO         1000    .rodata.str1.1      stm32f4xx_hal_tim_ex.o
    0x0800854a   0x0800854a   0x00000039   Data   RO         1123    .rodata.str1.1      stm32f4xx_hal_uart.o
    0x08008583   0x08008583   0x0000004c   Data   RO         1194    .rodata.str1.1      system.o
    0x080085cf   0x080085cf   0x00000002   Data   RO         1232    .rodata.str1.1      camera.o
    0x080085d1   0x080085d1   0x00000003   PAD
    0x080085d4   0x080085d4   0x00000020   Data   RO         1640    Region$$Table       anon$$obj.o


    Execution Region RW_IRAM2 (Exec base: 0x10000000, Load base: 0x08008668, Size: 0x00000000, Max: 0x00010000, ABSOLUTE)

    **** No section assigned to this execution region ****


    Execution Region RW_IRAM1 (Exec base: 0x20000000, Load base: 0x080085f8, Size: 0x00000ec0, Max: 0x00030000, ABSOLUTE)

    Exec Addr    Load Addr    Size         Type   Attr      Idx    E Section Name        Object

    0x20000000   0x080085f8   0x00000004   Data   RW         1277    .data               mc_w.l(strtok.o)
    0x20000004   0x080085fc   0x00000004   Data   RW         1567    .data               mc_w.l(stdout.o)
    0x20000008   0x08008600   0x00000004   Data   RW         1616    .data               mc_w.l(errno.o)
    0x2000000c   0x08008604   0x00000008   Data   RW          648    .data..L_MergedGlobals  stm32f4xx_hal.o
    0x20000014   0x0800860c   0x00000050   Data   RW         1255    .data..L_MergedGlobals  pid.o
    0x20000064   0x0800865c   0x00000004   Data   RW         1136    .data.SystemCoreClock  system_stm32f4xx.o
    0x20000068   0x08008660   0x00000001   Data   RW         1193    .data.state         system.o
    0x20000069   0x08008661   0x00000007   PAD
    0x20000070        -       0x00000014   Zero   RW         1168    .bss..L_MergedGlobals  sensor.o
    0x20000084        -       0x0000002c   Zero   RW         1195    .bss..L_MergedGlobals  system.o
    0x200000b0        -       0x00000014   Zero   RW         1212    .bss..L_MergedGlobals  edge.o
    0x200000c4        -       0x00000018   Zero   RW         1234    .bss..L_MergedGlobals  camera.o
    0x200000dc        -       0x000000a0   Zero   RW         1167    .bss.adc_buf        sensor.o
    0x2000017c        -       0x00000100   Zero   RW         1231    .bss.camera_frame_buf  camera.o
    0x2000027c        -       0x00000048   Zero   RW           50    .bss.hadc1          adc.o
    0x200002c4        -       0x00000048   Zero   RW           51    .bss.hadc2          adc.o
    0x2000030c        -       0x00000048   Zero   RW           52    .bss.hadc3          adc.o
    0x20000354        -       0x00000060   Zero   RW           53    .bss.hdma_adc1      adc.o
    0x200003b4        -       0x00000060   Zero   RW           54    .bss.hdma_adc2      adc.o
    0x20000414        -       0x00000060   Zero   RW          106    .bss.hdma_usart3_rx  usart.o
    0x20000474        -       0x00000048   Zero   RW           86    .bss.htim3          tim.o
    0x200004bc        -       0x00000048   Zero   RW           87    .bss.htim8          tim.o
    0x20000504        -       0x00000048   Zero   RW          104    .bss.huart1         usart.o
    0x2000054c        -       0x00000048   Zero   RW          105    .bss.huart3         usart.o
    0x20000594        -       0x00000020   Zero   RW         1166    .bss.last_distance  sensor.o
    0x200005b4        -       0x00000002   Zero   RW         1229    .bss.old_pos        camera.o
    0x200005b6        -       0x00000001   Zero   RW         1153    .bss.rx1_buf        bsp_usart.o
    0x200005b7        -       0x00000100   Zero   RW         1230    .bss.rx_buf         camera.o
    0x200006b7   0x08008661   0x00000001   PAD
    0x200006b8        -       0x00000004   Zero   RW          647    .bss.uwTick         stm32f4xx_hal.o
    0x200006bc   0x08008661   0x00000004   PAD
    0x200006c0        -       0x00000800   Zero   RW            1    STACK               startup_stm32f427xx.o


==============================================================================

Image component sizes


      Code (inc. data)   RO Data    RW Data    ZI Data      Debug   Object Name

      1008          0          0          0        408       8566   adc.o
        92          0          0          0          1       4178   bsp_usart.o
       872         28          2          0        538       4236   camera.o
       108          0          0          0          0       3675   dma.o
       536          0          0          0         20       2710   edge.o
       388          0          0          0          0       4391   gpio.o
       608         16         96          0          0       7585   main.o
       228          6          0          0          0       1013   motor.o
       368          0          0         80          0       2919   pid.o
       416         36          0          0        212       4574   sensor.o
        36          8        428          0       2048        840   startup_stm32f427xx.o
       204          0          0          8          4       7750   stm32f4xx_hal.o
      2830          0         56          0          0      12360   stm32f4xx_hal_adc.o
       740          6         59          0          0      10255   stm32f4xx_hal_adc_ex.o
       282          0         59          0          0      11292   stm32f4xx_hal_cortex.o
      1848          6         64          0          0      11012   stm32f4xx_hal_dma.o
       824         64         57          0          0       5901   stm32f4xx_hal_gpio.o
        56          0          0          0          0       1502   stm32f4xx_hal_msp.o
       122          0          0          0          0       4682   stm32f4xx_hal_pwr_ex.o
      2300          0         56          0          0       7791   stm32f4xx_hal_rcc.o
      6354          4         56          0          0      63412   stm32f4xx_hal_tim.o
       402          0         59          0          0      21328   stm32f4xx_hal_tim_ex.o
      4046          0         57          0          0      33034   stm32f4xx_hal_uart.o
       178          0          0          0          0       7625   stm32f4xx_it.o
      2692        204         76          1         44       9502   system.o
        18          0         24          4          0       2694   system_stm32f4xx.o
       482          0          0          0        144       9206   tim.o
       422          0          0          0        240       7518   usart.o

    ----------------------------------------------------------------------
     28620        378       1184         96       3668     271551   Object Totals
         0          0         32          0          0          0   (incl. Generated)
       160          0          3          3          9          0   (incl. Padding)

    ----------------------------------------------------------------------

      Code (inc. data)   RO Data    RW Data    ZI Data      Debug   Library Member Name

        28          0          0          0          0         68   _chval.o
       158          0          0          0          0         92   _strtoul.o
         8          4        133          0          0         68   ctype_o.o
         0          0          0          0          0          0   entry.o
         0          0          0          0          0          0   entry10a.o
         0          0          0          0          0          0   entry11a.o
         8          4          0          0          0          0   entry2.o
         4          0          0          0          0          0   entry5.o
         0          0          0          0          0          0   entry7b.o
         0          0          0          0          0          0   entry8b.o
         8          4          0          0          0          0   entry9a.o
         8          4          0          4          0         68   errno.o
        30          0          0          0          0          0   handlers.o
        36          8          0          0          0         68   init.o
         0          0          0          0          0          0   iusefp.o
        30          0          0          0          0         68   llshl.o
        36          0          0          0          0         68   llsshr.o
        32          0          0          0          0         68   llushr.o
        36          0          0          0          0         68   memcpya.o
        36          0          0          0          0        108   memseta.o
      2258         90          0          0          0        452   printfa.o
        36          6          0          0          0         80   puts.o
         0          0          0          4          0          0   stdout.o
        68          6          0          4          0         80   strtok.o
       112          0          0          0          0         88   strtol.o
        44          0          0          0          0         80   uidiv.o
        98          0          0          0          0         92   uldiv.o
        48          0          0          0          0         68   cdrcmple.o
        56          0          0          0          0         88   d2f.o
       334          0          0          0          0        148   dadd.o
       222          0          0          0          0        100   ddiv.o
       186          0          0          0          0        176   depilogue.o
        48          0          0          0          0         68   dfixul.o
       228          0          0          0          0         96   dmul.o
        38          0          0          0          0         68   f2d.o
       110          0          0          0          0        168   fepilogue.o

    ----------------------------------------------------------------------
      4352        126        136         12          0       2596   Library Totals
         8          0          3          0          0          0   (incl. Padding)

    ----------------------------------------------------------------------

      Code (inc. data)   RO Data    RW Data    ZI Data      Debug   Library Name

      3074        126        133         12          0       1616   mc_w.l
      1270          0          0          0          0        980   mf_w.l

    ----------------------------------------------------------------------
      4352        126        136         12          0       2596   Library Totals

    ----------------------------------------------------------------------

==============================================================================


      Code (inc. data)   RO Data    RW Data    ZI Data      Debug   

     32972        504       1320        108       3668     272531   Grand Totals
     32972        504       1320        108       3668     272531   ELF Image Totals
     32972        504       1320        108          0          0   ROM Totals

==============================================================================

    Total RO  Size (Code + RO Data)                34292 (  33.49kB)
    Total RW  Size (RW Data + ZI Data)              3776 (   3.69kB)
    Total ROM Size (Code + RO Data + RW Data)      34400 (  33.59kB)

==============================================================================

